Archive member included to satisfy reference by file (symbol)

c:/ac6/systemworkbench/plugins/fr.ac6.mcu.externaltools.arm-none.win32_1.15.0.201708311556/tools/compiler/bin/../lib/gcc/arm-none-eabi/6.3.1/thumb/v7e-m/fpv4-sp/hard\libgcc.a(_arm_addsubdf3.o)
                              src/control.o (__aeabi_dsub)
c:/ac6/systemworkbench/plugins/fr.ac6.mcu.externaltools.arm-none.win32_1.15.0.201708311556/tools/compiler/bin/../lib/gcc/arm-none-eabi/6.3.1/thumb/v7e-m/fpv4-sp/hard\libgcc.a(_arm_muldivdf3.o)
                              src/control.o (__aeabi_dmul)
c:/ac6/systemworkbench/plugins/fr.ac6.mcu.externaltools.arm-none.win32_1.15.0.201708311556/tools/compiler/bin/../lib/gcc/arm-none-eabi/6.3.1/thumb/v7e-m/fpv4-sp/hard\libgcc.a(_arm_cmpdf2.o)
                              src/pwm.o (__aeabi_dcmple)
c:/ac6/systemworkbench/plugins/fr.ac6.mcu.externaltools.arm-none.win32_1.15.0.201708311556/tools/compiler/bin/../lib/gcc/arm-none-eabi/6.3.1/thumb/v7e-m/fpv4-sp/hard\libgcc.a(_arm_fixunsdfsi.o)
                              src/pwm.o (__aeabi_d2uiz)
c:/ac6/systemworkbench/plugins/fr.ac6.mcu.externaltools.arm-none.win32_1.15.0.201708311556/tools/compiler/bin/../lib/gcc/arm-none-eabi/6.3.1/thumb/v7e-m/fpv4-sp/hard\libgcc.a(_arm_truncdfsf2.o)
                              src/control.o (__aeabi_d2f)
c:/ac6/systemworkbench/plugins/fr.ac6.mcu.externaltools.arm-none.win32_1.15.0.201708311556/tools/compiler/bin/../lib/gcc/arm-none-eabi/6.3.1/../../../../arm-none-eabi/lib/thumb/v7e-m/fpv4-sp/hard\libc.a(lib_a-errno.o)
                              src/syscalls.o (__errno)
c:/ac6/systemworkbench/plugins/fr.ac6.mcu.externaltools.arm-none.win32_1.15.0.201708311556/tools/compiler/bin/../lib/gcc/arm-none-eabi/6.3.1/../../../../arm-none-eabi/lib/thumb/v7e-m/fpv4-sp/hard\libc.a(lib_a-exit.o)
                              c:/ac6/systemworkbench/plugins/fr.ac6.mcu.externaltools.arm-none.win32_1.15.0.201708311556/tools/compiler/bin/../lib/gcc/arm-none-eabi/6.3.1/../../../../arm-none-eabi/lib/thumb/v7e-m/fpv4-sp/hard/crt0.o (exit)
c:/ac6/systemworkbench/plugins/fr.ac6.mcu.externaltools.arm-none.win32_1.15.0.201708311556/tools/compiler/bin/../lib/gcc/arm-none-eabi/6.3.1/../../../../arm-none-eabi/lib/thumb/v7e-m/fpv4-sp/hard\libc.a(lib_a-impure.o)
                              c:/ac6/systemworkbench/plugins/fr.ac6.mcu.externaltools.arm-none.win32_1.15.0.201708311556/tools/compiler/bin/../lib/gcc/arm-none-eabi/6.3.1/../../../../arm-none-eabi/lib/thumb/v7e-m/fpv4-sp/hard\libc.a(lib_a-exit.o) (_global_impure_ptr)
c:/ac6/systemworkbench/plugins/fr.ac6.mcu.externaltools.arm-none.win32_1.15.0.201708311556/tools/compiler/bin/../lib/gcc/arm-none-eabi/6.3.1/../../../../arm-none-eabi/lib/thumb/v7e-m/fpv4-sp/hard\libc.a(lib_a-init.o)
                              c:/ac6/systemworkbench/plugins/fr.ac6.mcu.externaltools.arm-none.win32_1.15.0.201708311556/tools/compiler/bin/../lib/gcc/arm-none-eabi/6.3.1/../../../../arm-none-eabi/lib/thumb/v7e-m/fpv4-sp/hard/crt0.o (__libc_init_array)
c:/ac6/systemworkbench/plugins/fr.ac6.mcu.externaltools.arm-none.win32_1.15.0.201708311556/tools/compiler/bin/../lib/gcc/arm-none-eabi/6.3.1/../../../../arm-none-eabi/lib/thumb/v7e-m/fpv4-sp/hard\libc.a(lib_a-memset.o)
                              c:/ac6/systemworkbench/plugins/fr.ac6.mcu.externaltools.arm-none.win32_1.15.0.201708311556/tools/compiler/bin/../lib/gcc/arm-none-eabi/6.3.1/../../../../arm-none-eabi/lib/thumb/v7e-m/fpv4-sp/hard/crt0.o (memset)
c:/ac6/systemworkbench/plugins/fr.ac6.mcu.externaltools.arm-none.win32_1.15.0.201708311556/tools/compiler/bin/../lib/gcc/arm-none-eabi/6.3.1/../../../../arm-none-eabi/lib/thumb/v7e-m/fpv4-sp/hard\libc.a(lib_a-printf.o)
                              src/control.o (printf)
c:/ac6/systemworkbench/plugins/fr.ac6.mcu.externaltools.arm-none.win32_1.15.0.201708311556/tools/compiler/bin/../lib/gcc/arm-none-eabi/6.3.1/../../../../arm-none-eabi/lib/thumb/v7e-m/fpv4-sp/hard\libc.a(lib_a-puts.o)
                              src/control.o (puts)
c:/ac6/systemworkbench/plugins/fr.ac6.mcu.externaltools.arm-none.win32_1.15.0.201708311556/tools/compiler/bin/../lib/gcc/arm-none-eabi/6.3.1/../../../../arm-none-eabi/lib/thumb/v7e-m/fpv4-sp/hard\libc.a(lib_a-setbuf.o)
                              src/config.o (setbuf)
c:/ac6/systemworkbench/plugins/fr.ac6.mcu.externaltools.arm-none.win32_1.15.0.201708311556/tools/compiler/bin/../lib/gcc/arm-none-eabi/6.3.1/../../../../arm-none-eabi/lib/thumb/v7e-m/fpv4-sp/hard\libc.a(lib_a-setvbuf.o)
                              c:/ac6/systemworkbench/plugins/fr.ac6.mcu.externaltools.arm-none.win32_1.15.0.201708311556/tools/compiler/bin/../lib/gcc/arm-none-eabi/6.3.1/../../../../arm-none-eabi/lib/thumb/v7e-m/fpv4-sp/hard\libc.a(lib_a-setbuf.o) (setvbuf)
c:/ac6/systemworkbench/plugins/fr.ac6.mcu.externaltools.arm-none.win32_1.15.0.201708311556/tools/compiler/bin/../lib/gcc/arm-none-eabi/6.3.1/../../../../arm-none-eabi/lib/thumb/v7e-m/fpv4-sp/hard\libc.a(lib_a-sscanf.o)
[...]
Memory Configuration

Name             Origin             Length             Attributes
RAM              0x20000000         0x00020000         xrw
ROM              0x08000000         0x00100000         xr
*default*        0x00000000         0xffffffff

Linker script and memory map

LOAD c:/ac6/systemworkbench/plugins/fr.ac6.mcu.externaltools.arm-none.win32_1.15.0.201708311556/tools/compiler/bin/../lib/gcc/arm-none-eabi/6.3.1/thumb/v7e-m/fpv4-sp/hard/crti.o
LOAD c:/ac6/systemworkbench/plugins/fr.ac6.mcu.externaltools.arm-none.win32_1.15.0.201708311556/tools/compiler/bin/../lib/gcc/arm-none-eabi/6.3.1/thumb/v7e-m/fpv4-sp/hard/crtbegin.o
LOAD c:/ac6/systemworkbench/plugins/fr.ac6.mcu.externaltools.arm-none.win32_1.15.0.201708311556/tools/compiler/bin/../lib/gcc/arm-none-eabi/6.3.1/../../../../arm-none-eabi/lib/thumb/v7e-m/fpv4-sp/hard/crt0.o
LOAD StdPeriph_Driver/src/misc.o
LOAD StdPeriph_Driver/src/stm32f4xx_adc.o
LOAD StdPeriph_Driver/src/stm32f4xx_can.o
LOAD StdPeriph_Driver/src/stm32f4xx_cec.o
LOAD StdPeriph_Driver/src/stm32f4xx_crc.o
LOAD StdPeriph_Driver/src/stm32f4xx_cryp.o
LOAD StdPeriph_Driver/src/stm32f4xx_cryp_aes.o
LOAD StdPeriph_Driver/src/stm32f4xx_cryp_des.o
LOAD StdPeriph_Driver/src/stm32f4xx_cryp_tdes.o
LOAD StdPeriph_Driver/src/stm32f4xx_dac.o
LOAD StdPeriph_Driver/src/stm32f4xx_dbgmcu.o
LOAD StdPeriph_Driver/src/stm32f4xx_dcmi.o
LOAD StdPeriph_Driver/src/stm32f4xx_dfsdm.o
LOAD StdPeriph_Driver/src/stm32f4xx_dma.o
LOAD StdPeriph_Driver/src/stm32f4xx_dma2d.o
LOAD StdPeriph_Driver/src/stm32f4xx_dsi.o
LOAD StdPeriph_Driver/src/stm32f4xx_exti.o
LOAD StdPeriph_Driver/src/stm32f4xx_flash.o
LOAD StdPeriph_Driver/src/stm32f4xx_flash_ramfunc.o
LOAD StdPeriph_Driver/src/stm32f4xx_fmc.o
LOAD StdPeriph_Driver/src/stm32f4xx_fmip2c.o
LOAD StdPeriph_Driver/src/stm32f4xx_fsmc.o
LOAD StdPeriph_Driver/src/stm32f4xx_gpio.o
LOAD StdPeriph_Driver/src/stm32f4xx_hash.o
LOAD StdPeriph_Driver/src/stm32f4xx_hash_md5.o
LOAD StdPeriph_Driver/src/stm32f4xx_hash_sha1.o
LOAD StdPeriph_Driver/src/stm32f4xx_i2c.o
LOAD StdPeriph_Driver/src/stm32f4xx_iwdg.o
LOAD StdPeriph_Driver/src/stm32f4xx_lptim.o
LOAD StdPeriph_Driver/src/stm32f4xx_ltdc.o
LOAD StdPeriph_Driver/src/stm32f4xx_pwr.o
LOAD StdPeriph_Driver/src/stm32f4xx_qspi.o
LOAD StdPeriph_Driver/src/stm32f4xx_rcc.o
LOAD StdPeriph_Driver/src/stm32f4xx_rng.o
LOAD StdPeriph_Driver/src/stm32f4xx_rtc.o
LOAD StdPeriph_Driver/src/stm32f4xx_sai.o
LOAD StdPeriph_Driver/src/stm32f4xx_sdio.o
LOAD StdPeriph_Driver/src/stm32f4xx_spdifrx.o
LOAD StdPeriph_Driver/src/stm32f4xx_spi.o
LOAD StdPeriph_Driver/src/stm32f4xx_syscfg.o
LOAD StdPeriph_Driver/src/stm32f4xx_tim.o
LOAD StdPeriph_Driver/src/stm32f4xx_usart.o
LOAD StdPeriph_Driver/src/stm32f4xx_wwdg.o
LOAD src/config.o
LOAD src/control.o
LOAD src/gpio.o
LOAD src/main.o
LOAD src/pwm.o
LOAD src/syscalls.o
LOAD src/system_stm32f4xx.o
LOAD startup/startup_stm32.o
LOAD c:/ac6/systemworkbench/plugins/fr.ac6.mcu.externaltools.arm-none.win32_1.15.0.201708311556/tools/compiler/bin/../lib/gcc/arm-none-eabi/6.3.1/../../../../arm-none-eabi/lib/thumb/v7e-m/fpv4-sp/hard\libm.a
START GROUP
LOAD c:/ac6/systemworkbench/plugins/fr.ac6.mcu.externaltools.arm-none.win32_1.15.0.201708311556/tools/compiler/bin/../lib/gcc/arm-none-eabi/6.3.1/thumb/v7e-m/fpv4-sp/hard\libgcc.a
LOAD c:/ac6/systemworkbench/plugins/fr.ac6.mcu.externaltools.arm-none.win32_1.15.0.201708311556/tools/compiler/bin/../lib/gcc/arm-none-eabi/6.3.1/../../../../arm-none-eabi/lib/thumb/v7e-m/fpv4-sp/hard\libc.a
END GROUP
LOAD c:/ac6/systemworkbench/plugins/fr.ac6.mcu.externaltools.arm-none.win32_1.15.0.201708311556/tools/compiler/bin/../lib/gcc/arm-none-eabi/6.3.1/thumb/v7e-m/fpv4-sp/hard/crtend.o
LOAD c:/ac6/systemworkbench/plugins/fr.ac6.mcu.externaltools.arm-none.win32_1.15.0.201708311556/tools/compiler/bin/../lib/gcc/arm-none-eabi/6.3.1/thumb/v7e-m/fpv4-sp/hard/crtn.o
                0x20020000                _estack = 0x20020000
                0x00000000                _Min_Heap_Size = 0x0
                0x00000400                _Min_Stack_Size = 0x400

.isr_vector     0x08000000      0x1a8
                0x08000000                . = ALIGN (0x4)
 *(.isr_vector)
 .isr_vector    0x08000000      0x1a8 startup/startup_stm32.o
                0x08000000                g_pfnVectors
                0x080001a8                . = ALIGN (0x4)

.text           0x080001c0     0xe5a8
                0x080001c0                . = ALIGN (0x4)
 *(.text)
 .text          0x080001c0       0x6c c:/ac6/systemworkbench/plugins/fr.ac6.mcu.externaltools.arm-none.win32_1.15.0.201708311556/tools/compiler/bin/../lib/gcc/arm-none-eabi/6.3.1/thumb/v7e-m/fpv4-sp/hard/crtbegin.o
 .text          0x0800022c      0x370 c:/ac6/systemworkbench/plugins/fr.ac6.mcu.externaltools.arm-none.win32_1.15.0.201708311556/tools/compiler/bin/../lib/gcc/arm-none-eabi/6.3.1/thumb/v7e-m/fpv4-sp/hard\libgcc.a(_arm_addsubdf3.o)
                0x0800022c                __aeabi_drsub
                0x08000234                __aeabi_dsub
                0x08000234                __subdf3
                0x08000238                __aeabi_dadd
                0x08000238                __adddf3
                0x080004b0                __floatunsidf
                0x080004b0                __aeabi_ui2d
                0x080004d0                __floatsidf
                0x080004d0                __aeabi_i2d
                0x080004f4                __aeabi_f2d
                0x080004f4                __extendsfdf2
                0x08000530                __floatundidf
                0x08000530                __aeabi_ul2d
                0x08000540                __floatdidf
                0x08000540                __aeabi_l2d
 .text          0x0800059c      0x424 c:/ac6/systemworkbench/plugins/fr.ac6.mcu.externaltools.arm-none.win32_1.15.0.201708311556/tools/compiler/bin/../lib/gcc/arm-none-eabi/6.3.1/thumb/v7e-m/fpv4-sp/hard\libgcc.a(_arm_muldivdf3.o)
                0x0800059c                __aeabi_dmul
                0x0800059c                __muldf3
                0x080007f0                __divdf3
                0x080007f0                __aeabi_ddiv
 .text          0x080009c0      0x110 c:/ac6/systemworkbench/plugins/fr.ac6.mcu.externaltools.arm-none.win32_1.15.0.201708311556/tools/compiler/bin/../lib/gcc/arm-none-eabi/6.3.1/thumb/v7e-m/fpv4-sp/hard\libgcc.a(_arm_cmpdf2.o)
                0x080009c0                __gtdf2
                0x080009c0                __gedf2
                0x080009c8                __ltdf2
                0x080009c8                __ledf2
                0x080009d0                __nedf2
                0x080009d0                __eqdf2
                0x080009d0                __cmpdf2
                0x08000a4c                __aeabi_cdrcmple
                0x08000a5c                __aeabi_cdcmpeq
                0x08000a5c                __aeabi_cdcmple
                0x08000a6c                __aeabi_dcmpeq
                0x08000a80                __aeabi_dcmplt
                0x08000a94                __aeabi_dcmple
                0x08000aa8                __aeabi_dcmpge
                0x08000abc                __aeabi_dcmpgt
 .text          0x08000ad0       0x40 c:/ac6/systemworkbench/plugins/fr.ac6.mcu.externaltools.arm-none.win32_1.15.0.201708311556/tools/compiler/bin/../lib/gcc/arm-none-eabi/6.3.1/thumb/v7e-m/fpv4-sp/hard\libgcc.a(_arm_fixunsdfsi.o)
                0x08000ad0                __aeabi_d2uiz
                0x08000ad0                __fixunsdfsi
 .text          0x08000b10       0xa0 c:/ac6/systemworkbench/plugins/fr.ac6.mcu.externaltools.arm-none.win32_1.15.0.201708311556/tools/compiler/bin/../lib/gcc/arm-none-eabi/6.3.1/thumb/v7e-m/fpv4-sp/hard\libgcc.a(_arm_truncdfsf2.o)
                0x08000b10                __truncdfsf2
                0x08000b10                __aeabi_d2f
 *fill*         0x08000bb0       0x10 
 .text          0x08000bc0      0x2dc c:/ac6/systemworkbench/plugins/fr.ac6.mcu.externaltools.arm-none.win32_1.15.0.201708311556/tools/compiler/bin/../lib/gcc/arm-none-eabi/6.3.1/../../../../arm-none-eabi/lib/thumb/v7e-m/fpv4-sp/hard\libc.a(lib_a-strcmp.o)
                0x08000bc8                strcmp
 *fill*         0x08000e9c       0x24 
 .text          0x08000ec0       0xdc c:/ac6/systemworkbench/plugins/fr.ac6.mcu.externaltools.arm-none.win32_1.15.0.201708311556/tools/compiler/bin/../lib/gcc/arm-none-eabi/6.3.1/../../../../arm-none-eabi/lib/thumb/v7e-m/fpv4-sp/hard\libc.a(lib_a-strlen.o)
                0x08000ec0                strlen
 *fill*         0x08000f9c        0x4 
 .text          0x08000fa0       0xa0 c:/ac6/systemworkbench/plugins/fr.ac6.mcu.externaltools.arm-none.win32_1.15.0.201708311556/tools/compiler/bin/../lib/gcc/arm-none-eabi/6.3.1/../../../../arm-none-eabi/lib/thumb/v7e-m/fpv4-sp/hard\libc.a(lib_a-memchr.o)
                0x08000fa0                memchr
 .text          0x08001040      0x134 c:/ac6/systemworkbench/plugins/fr.ac6.mcu.externaltools.arm-none.win32_1.15.0.201708311556/tools/compiler/bin/../lib/gcc/arm-none-eabi/6.3.1/../../../../arm-none-eabi/lib/thumb/v7e-m/fpv4-sp/hard\libc.a(lib_a-memcpy.o)
                0x08001040                memcpy
 .text          0x08001174       0x2c c:/ac6/systemworkbench/plugins/fr.ac6.mcu.externaltools.arm-none.win32_1.15.0.201708311556/tools/compiler/bin/../lib/gcc/arm-none-eabi/6.3.1/thumb/v7e-m/fpv4-sp/hard\libgcc.a(_arm_unorddf2.o)
                0x08001174                __unorddf2
                0x08001174                __aeabi_dcmpun
 .text          0x080011a0       0x50 c:/ac6/systemworkbench/plugins/fr.ac6.mcu.externaltools.arm-none.win32_1.15.0.201708311556/tools/compiler/bin/../lib/gcc/arm-none-eabi/6.3.1/thumb/v7e-m/fpv4-sp/hard\libgcc.a(_arm_fixdfsi.o)
                0x080011a0                __aeabi_d2iz
                0x080011a0                __fixdfsi
 .text          0x080011f0       0x30 c:/ac6/systemworkbench/plugins/fr.ac6.mcu.externaltools.arm-none.win32_1.15.0.201708311556/tools/compiler/bin/../lib/gcc/arm-none-eabi/6.3.1/thumb/v7e-m/fpv4-sp/hard\libgcc.a(_aeabi_uldivmod.o)
                0x080011f0                __aeabi_uldivmod
 .text          0x08001220      0x2dc c:/ac6/systemworkbench/plugins/fr.ac6.mcu.externaltools.arm-none.win32_1.15.0.201708311556/tools/compiler/bin/../lib/gcc/arm-none-eabi/6.3.1/thumb/v7e-m/fpv4-sp/hard\libgcc.a(_udivmoddi4.o)
                0x08001220                __udivmoddi4
 .text          0x080014fc        0x4 c:/ac6/systemworkbench/plugins/fr.ac6.mcu.externaltools.arm-none.win32_1.15.0.201708311556/tools/compiler/bin/../lib/gcc/arm-none-eabi/6.3.1/thumb/v7e-m/fpv4-sp/hard\libgcc.a(_dvmd_tls.o)
                0x080014fc                __aeabi_idiv0
                0x080014fc                __aeabi_ldiv0
 *(.text*)
 .text.NVIC_PriorityGroupConfig
                0x08001500       0x28 StdPeriph_Driver/src/misc.o
                0x08001500                NVIC_PriorityGroupConfig
 .text.NVIC_Init
                0x08001528       0xc4 StdPeriph_Driver/src/misc.o
                0x08001528                NVIC_Init
 .text.ADC_DeInit
                0x080015ec       0x1c StdPeriph_Driver/src/stm32f4xx_adc.o
                0x080015ec                ADC_DeInit
 .text.ADC_Init
                0x08001608       0xac StdPeriph_Driver/src/stm32f4xx_adc.o
                0x08001608                ADC_Init
 .text.ADC_CommonInit
                0x080016b4       0x50 StdPeriph_Driver/src/stm32f4xx_adc.o
                0x080016b4                ADC_CommonInit
 .text.ADC_Cmd  0x08001704       0x38 StdPeriph_Driver/src/stm32f4xx_adc.o
                0x08001704                ADC_Cmd
 .text.ADC_TempSensorVrefintCmd
                0x0800173c       0x3c StdPeriph_Driver/src/stm32f4xx_adc.o
                0x0800173c                ADC_TempSensorVrefintCmd
 .text.ADC_VBATCmd
                0x08001778       0x3c StdPeriph_Driver/src/stm32f4xx_adc.o
                0x08001778                ADC_VBATCmd
 .text.ADC_RegularChannelConfig
                0x080017b4      0x194 StdPeriph_Driver/src/stm32f4xx_adc.o
                0x080017b4                ADC_RegularChannelConfig
 .text.ADC_DMACmd
                0x08001948       0x38 StdPeriph_Driver/src/stm32f4xx_adc.o
                0x08001948                ADC_DMACmd
 .text.ADC_DMARequestAfterLastTransferCmd
                0x08001980       0x38 StdPeriph_Driver/src/stm32f4xx_adc.o
                0x08001980                ADC_DMARequestAfterLastTransferCmd
 .text.DMA_Init
                0x080019b8       0xb0 StdPeriph_Driver/src/stm32f4xx_dma.o
                0x080019b8                DMA_Init
 .text.DMA_Cmd  0x08001a68       0x38 StdPeriph_Driver/src/stm32f4xx_dma.o
                0x08001a68                DMA_Cmd
 .text.DMA_GetCmdStatus
                0x08001aa0       0x30 StdPeriph_Driver/src/stm32f4xx_dma.o
                0x08001aa0                DMA_GetCmdStatus
 .text.DMA_ClearFlag
                0x08001ad0       0x5c StdPeriph_Driver/src/stm32f4xx_dma.o
                0x08001ad0                DMA_ClearFlag
 .text.DMA_ITConfig
                0x08001b2c       0x74 StdPeriph_Driver/src/stm32f4xx_dma.o
                0x08001b2c                DMA_ITConfig
 .text.DMA_GetITStatus
                0x08001ba0       0xb0 StdPeriph_Driver/src/stm32f4xx_dma.o
                0x08001ba0                DMA_GetITStatus
 .text.DMA_ClearITPendingBit
                0x08001c50       0x5c StdPeriph_Driver/src/stm32f4xx_dma.o
                0x08001c50                DMA_ClearITPendingBit
 .text.FLASH_Unlock
                0x08001cac       0x30 StdPeriph_Driver/src/stm32f4xx_flash.o
                0x08001cac                FLASH_Unlock
 .text.GPIO_Init
                0x08001cdc      0x11c StdPeriph_Driver/src/stm32f4xx_gpio.o
                0x08001cdc                GPIO_Init
 .text.GPIO_StructInit
                0x08001df8       0x34 StdPeriph_Driver/src/stm32f4xx_gpio.o
                0x08001df8                GPIO_StructInit
 .text.GPIO_SetBits
                0x08001e2c       0x1e StdPeriph_Driver/src/stm32f4xx_gpio.o
                0x08001e2c                GPIO_SetBits
 .text.GPIO_ResetBits
                0x08001e4a       0x1e StdPeriph_Driver/src/stm32f4xx_gpio.o
                0x08001e4a                GPIO_ResetBits
 .text.GPIO_ToggleBits
                0x08001e68       0x24 StdPeriph_Driver/src/stm32f4xx_gpio.o
                0x08001e68                GPIO_ToggleBits
 .text.GPIO_PinAFConfig
                0x08001e8c       0x92 StdPeriph_Driver/src/stm32f4xx_gpio.o
                0x08001e8c                GPIO_PinAFConfig
 *fill*         0x08001f1e        0x2 
 .text.RCC_GetClocksFreq
                0x08001f20      0x150 StdPeriph_Driver/src/stm32f4xx_rcc.o
                0x08001f20                RCC_GetClocksFreq
 .text.RCC_AHB1PeriphClockCmd
                0x08002070       0x40 StdPeriph_Driver/src/stm32f4xx_rcc.o
                0x08002070                RCC_AHB1PeriphClockCmd
 .text.RCC_APB1PeriphClockCmd
                0x080020b0       0x40 StdPeriph_Driver/src/stm32f4xx_rcc.o
                0x080020b0                RCC_APB1PeriphClockCmd
 .text.RCC_APB2PeriphClockCmd
                0x080020f0       0x40 StdPeriph_Driver/src/stm32f4xx_rcc.o
                0x080020f0                RCC_APB2PeriphClockCmd
 .text.RCC_APB1PeriphResetCmd
                0x08002130       0x40 StdPeriph_Driver/src/stm32f4xx_rcc.o
                0x08002130                RCC_APB1PeriphResetCmd
 .text.RCC_APB2PeriphResetCmd
                0x08002170       0x40 StdPeriph_Driver/src/stm32f4xx_rcc.o
                0x08002170                RCC_APB2PeriphResetCmd
 .text.TIM_DeInit
                0x080021b0      0x1c0 StdPeriph_Driver/src/stm32f4xx_tim.o
                0x080021b0                TIM_DeInit
 .text.TIM_TimeBaseInit
                0x08002370       0xd8 StdPeriph_Driver/src/stm32f4xx_tim.o
                0x08002370                TIM_TimeBaseInit
 .text.TIM_GetCounter
                0x08002448       0x18 StdPeriph_Driver/src/stm32f4xx_tim.o
                0x08002448                TIM_GetCounter
 .text.TIM_Cmd  0x08002460       0x40 StdPeriph_Driver/src/stm32f4xx_tim.o
                0x08002460                TIM_Cmd
 .text.TIM_OC1Init
                0x080024a0       0xf4 StdPeriph_Driver/src/stm32f4xx_tim.o
                0x080024a0                TIM_OC1Init
 .text.TIM_OC2Init
                0x08002594      0x110 StdPeriph_Driver/src/stm32f4xx_tim.o
                0x08002594                TIM_OC2Init
 .text.TIM_OC3Init
                0x080026a4      0x10c StdPeriph_Driver/src/stm32f4xx_tim.o
                0x080026a4                TIM_OC3Init
 .text.TIM_OC1PreloadConfig
                0x080027b0       0x38 StdPeriph_Driver/src/stm32f4xx_tim.o
                0x080027b0                TIM_OC1PreloadConfig
 .text.TIM_OC2PreloadConfig
                0x080027e8       0x3c StdPeriph_Driver/src/stm32f4xx_tim.o
                0x080027e8                TIM_OC2PreloadConfig
 .text.TIM_OC3PreloadConfig
                0x08002824       0x38 StdPeriph_Driver/src/stm32f4xx_tim.o
                0x08002824                TIM_OC3PreloadConfig
 .text.TIM_GetCapture1
                0x0800285c       0x18 StdPeriph_Driver/src/stm32f4xx_tim.o
                0x0800285c                TIM_GetCapture1
 .text.TIM_BDTRConfig
                0x08002874       0x50 StdPeriph_Driver/src/stm32f4xx_tim.o
                0x08002874                TIM_BDTRConfig
 .text.TIM_CtrlPWMOutputs
                0x080028c4       0x4c StdPeriph_Driver/src/stm32f4xx_tim.o
                0x080028c4                TIM_CtrlPWMOutputs
 .text.TIM_ITConfig
                0x08002910       0x48 StdPeriph_Driver/src/stm32f4xx_tim.o
                0x08002910                TIM_ITConfig
 .text.TIM_GetITStatus
                0x08002958       0x54 StdPeriph_Driver/src/stm32f4xx_tim.o
                0x08002958                TIM_GetITStatus
 .text.TIM_ClearITPendingBit
                0x080029ac       0x22 StdPeriph_Driver/src/stm32f4xx_tim.o
                0x080029ac                TIM_ClearITPendingBit
 .text.TIM_SelectOutputTrigger
                0x080029ce       0x38 StdPeriph_Driver/src/stm32f4xx_tim.o
                0x080029ce                TIM_SelectOutputTrigger
 *fill*         0x08002a06        0x2 
 .text.USART_Init
                0x08002a08      0x174 StdPeriph_Driver/src/stm32f4xx_usart.o
                0x08002a08                USART_Init
 .text.USART_Cmd
                0x08002b7c       0x40 StdPeriph_Driver/src/stm32f4xx_usart.o
                0x08002b7c                USART_Cmd
 .text.USART_SendData
                0x08002bbc       0x24 StdPeriph_Driver/src/stm32f4xx_usart.o
                0x08002bbc                USART_SendData
 .text.USART_ReceiveData
                0x08002be0       0x20 StdPeriph_Driver/src/stm32f4xx_usart.o
                0x08002be0                USART_ReceiveData
 .text.USART_ITConfig
                0x08002c00       0x90 StdPeriph_Driver/src/stm32f4xx_usart.o
                0x08002c00                USART_ITConfig
 .text.USART_GetFlagStatus
                0x08002c90       0x38 StdPeriph_Driver/src/stm32f4xx_usart.o
                0x08002c90                USART_GetFlagStatus
 .text.USART_ClearITPendingBit
                0x08002cc8       0x3a StdPeriph_Driver/src/stm32f4xx_usart.o
                0x08002cc8                USART_ClearITPendingBit
 *fill*         0x08002d02        0x2 
 .text.Return_ADCbuf1
                0x08002d04       0x24 src/config.o
                0x08002d04                Return_ADCbuf1
 .text.Return_buffsize_adc
                0x08002d28       0x10 src/config.o
                0x08002d28                Return_buffsize_adc
 .text.usartConfig
                0x08002d38       0xcc src/config.o
                0x08002d38                usartConfig
 .text.NVIC_USART_Configuration
                0x08002e04       0x40 src/config.o
                0x08002e04                NVIC_USART_Configuration
 .text.Config_ADCtimer_init
                0x08002e44       0x5c src/config.o
                0x08002e44                Config_ADCtimer_init
 .text.EnableTimerInterrupt
                0x08002ea0       0x26 src/config.o
                0x08002ea0                EnableTimerInterrupt
 *fill*         0x08002ec6        0x2 
 .text.Config_controlLooptimer_init
                0x08002ec8       0x58 src/config.o
                0x08002ec8                Config_controlLooptimer_init
 .text.NVIC_DMA_Configuration
                0x08002f20       0x2e src/config.o
                0x08002f20                NVIC_DMA_Configuration
 .text.NVIC_controlLoop_Configuration
                0x08002f4e       0x2e src/config.o
                0x08002f4e                NVIC_controlLoop_Configuration
 .text.DMA2_Stream0_IRQHandler
                0x08002f7c       0x3c src/config.o
                0x08002f7c                DMA2_Stream0_IRQHandler
 .text.TIM5_IRQHandler
                0x08002fb8       0x38 src/config.o
                0x08002fb8                TIM5_IRQHandler
 .text.TIM3_IRQHandler
                0x08002ff0       0x28 src/config.o
                0x08002ff0                TIM3_IRQHandler
 .text.SetControlLoopCallback
                0x08003018       0x20 src/config.o
                0x08003018                SetControlLoopCallback
 .text.Return_New_ADC_conversion_available
                0x08003038       0x18 src/config.o
                0x08003038                Return_New_ADC_conversion_available
 .text.Reset_New_ADC_conversion_available
                0x08003050       0x18 src/config.o
                0x08003050                Reset_New_ADC_conversion_available
 .text.ADC_Configuration_Three_Channels
                0x08003068       0xb0 src/config.o
                0x08003068                ADC_Configuration_Three_Channels
 .text.ADC_Configuration_Two_Channles_Coil_Current
                0x08003118       0xa8 src/config.o
                0x08003118                ADC_Configuration_Two_Channles_Coil_Current
 .text.DMA_Configuration
                0x080031c0       0xb4 src/config.o
                0x080031c0                DMA_Configuration
 .text.DMA_Configuration_control_loop
                0x08003274       0xac src/config.o
                0x08003274                DMA_Configuration_control_loop
 .text.init_SmartControl
                0x08003320      0x1a8 src/control.o
                0x08003320                init_SmartControl
 .text.controlLoop
                0x080034c8       0x10 src/control.o
                0x080034c8                controlLoop
 .text.dummyLoop
                0x080034d8        0xc src/control.o
                0x080034d8                dummyLoop
 .text.usartReceived
                0x080034e4      0x244 src/control.o
                0x080034e4                usartReceived
 .text.Return_commandReceived
                0x08003728       0x18 src/control.o
                0x08003728                Return_commandReceived
 .text.USART1_IRQHandler
                0x08003740       0x70 src/control.o
                0x08003740                USART1_IRQHandler
 .text.EN_PWR   0x080037b0       0x50 src/control.o
                0x080037b0                EN_PWR
 .text.Disable_PWR
                0x08003800       0x18 src/control.o
                0x08003800                Disable_PWR
 .text.ADC_Save_Values_In_Cache
                0x08003818       0x94 src/control.o
                0x08003818                ADC_Save_Values_In_Cache
 *fill*         0x080038ac        0x4 
 .text.ADC_Sampling
                0x080038b0      0x23c src/control.o
                0x080038b0                ADC_Sampling
 .text.Delay    0x08003aec       0x20 src/control.o
                0x08003aec                Delay
 .text.interesting_led
                0x08003b0c      0x384 src/control.o
                0x08003b0c                interesting_led
 .text.GPIO_Configuration
                0x08003e90      0x19c src/gpio.o
                0x08003e90                GPIO_Configuration
 .text.main     0x0800402c       0x18 src/main.o
                0x0800402c                main
 .text.Config_Timer4_init
                0x08004044       0x80 src/pwm.o
                0x08004044                Config_Timer4_init
 .text.TIM4_IRQHandler
                0x080040c4       0x78 src/pwm.o
                0x080040c4                TIM4_IRQHandler
 .text.Init_PWM_Operation_Mode
                0x0800413c      0x37c src/pwm.o
                0x0800413c                Init_PWM_Operation_Mode
 .text.Init_PWM_Operation_Full_Bridig
                0x080044b8      0x33c src/pwm.o
                0x080044b8                Init_PWM_Operation_Full_Bridig
 .text.TIM_GetT_Period
                0x080047f4       0x18 src/pwm.o
                0x080047f4                TIM_GetT_Period
 .text.Init_PWM_Operation_Halb_Bridig
                0x0800480c      0x274 src/pwm.o
                0x0800480c                Init_PWM_Operation_Halb_Bridig
 .text.Sprungsignal
                0x08004a80      0x2a8 src/pwm.o
                0x08004a80                Sprungsignal
 .text.PWM_init_halb_Bridig
                0x08004d28      0x2d0 src/pwm.o
                0x08004d28                PWM_init_halb_Bridig
 .text.PWM_init
                0x08004ff8      0x2d0 src/pwm.o
                0x08004ff8                PWM_init
 .text._read    0x080052c8       0x3a src/syscalls.o
                0x080052c8                _read
 *fill*         0x08005302        0x2 
 .text._write   0x08005304       0x50 src/syscalls.o
                0x08005304                _write
 .text._sbrk    0x08005354       0x58 src/syscalls.o
                0x08005354                _sbrk
 .text._close   0x080053ac       0x18 src/syscalls.o
                0x080053ac                _close
 .text._fstat   0x080053c4       0x20 src/syscalls.o
                0x080053c4                _fstat
 .text._isatty  0x080053e4       0x16 src/syscalls.o
                0x080053e4                _isatty
 .text._lseek   0x080053fa       0x1a src/syscalls.o
                0x080053fa                _lseek
 .text.SystemInit
                0x08005414       0x6c src/system_stm32f4xx.o
                0x08005414                SystemInit
 .text.SetSysClock
                0x08005480       0xf8 src/system_stm32f4xx.o
 .text.Reset_Handler
                0x08005578       0x50 startup/startup_stm32.o
                0x08005578                Reset_Handler
 .text.Default_Handler
                0x080055c8        0x2 startup/startup_stm32.o
                0x080055c8                RTC_Alarm_IRQHandler
                0x080055c8                HASH_RNG_IRQHandler
                0x080055c8                EXTI2_IRQHandler
                0x080055c8                TIM8_CC_IRQHandler
                0x080055c8                DebugMon_Handler
                0x080055c8                TIM1_CC_IRQHandler
                0x080055c8                DMA2_Stream5_IRQHandler
                0x080055c8                HardFault_Handler
                0x080055c8                DMA1_Stream5_IRQHandler
                0x080055c8                SysTick_Handler
                0x080055c8                PVD_IRQHandler
                0x080055c8                SDIO_IRQHandler
                0x080055c8                TAMP_STAMP_IRQHandler
                0x080055c8                PendSV_Handler
                0x080055c8                NMI_Handler
                0x080055c8                CAN2_RX1_IRQHandler
                0x080055c8                EXTI3_IRQHandler
                0x080055c8                TIM8_TRG_COM_TIM14_IRQHandler
                0x080055c8                TIM1_UP_TIM10_IRQHandler
                0x080055c8                TIM8_UP_TIM13_IRQHandler
                0x080055c8                I2C3_ER_IRQHandler
                0x080055c8                LCD_TFT_IRQHandler
                0x080055c8                EXTI0_IRQHandler
                0x080055c8                I2C2_EV_IRQHandler
                0x080055c8                DMA1_Stream2_IRQHandler
                0x080055c8                CAN1_RX0_IRQHandler
                0x080055c8                FPU_IRQHandler
                0x080055c8                OTG_HS_WKUP_IRQHandler
                0x080055c8                UsageFault_Handler
                0x080055c8                CAN2_SCE_IRQHandler
                0x080055c8                DMA2_Stream2_IRQHandler
                0x080055c8                SPI1_IRQHandler
                0x080055c8                TIM6_DAC_IRQHandler
                0x080055c8                TIM1_BRK_TIM9_IRQHandler
                0x080055c8                DCMI_IRQHandler
                0x080055c8                CAN2_RX0_IRQHandler
                0x080055c8                DMA2_Stream3_IRQHandler
                0x080055c8                USART6_IRQHandler
                0x080055c8                USART3_IRQHandler
                0x080055c8                CRYP_IRQHandler
                0x080055c8                CAN1_RX1_IRQHandler
                0x080055c8                UART5_IRQHandler
                0x080055c8                I2C1_EV_IRQHandler
                0x080055c8                DMA1_Stream6_IRQHandler
                0x080055c8                DMA1_Stream1_IRQHandler
                0x080055c8                UART4_IRQHandler
                0x080055c8                LCD_TFT_1_IRQHandler
                0x080055c8                RCC_IRQHandler
                0x080055c8                TIM8_BRK_TIM12_IRQHandler
                0x080055c8                Default_Handler
                0x080055c8                EXTI15_10_IRQHandler
                0x080055c8                ADC_IRQHandler
                0x080055c8                DMA1_Stream7_IRQHandler
                0x080055c8                TIM7_IRQHandler
                0x080055c8                CAN2_TX_IRQHandler
                0x080055c8                DMA2_Stream7_IRQHandler
                0x080055c8                I2C3_EV_IRQHandler
                0x080055c8                EXTI9_5_IRQHandler
                0x080055c8                RTC_WKUP_IRQHandler
                0x080055c8                ETH_WKUP_IRQHandler
                0x080055c8                SPI2_IRQHandler
                0x080055c8                OTG_HS_EP1_IN_IRQHandler
                0x080055c8                MemManage_Handler
                0x080055c8                DMA1_Stream0_IRQHandler
                0x080055c8                CAN1_TX_IRQHandler
                0x080055c8                SVC_Handler
                0x080055c8                EXTI4_IRQHandler
                0x080055c8                FSMC_IRQHandler
                0x080055c8                ETH_IRQHandler
                0x080055c8                OTG_HS_EP1_OUT_IRQHandler
                0x080055c8                WWDG_IRQHandler
                0x080055c8                TIM2_IRQHandler
                0x080055c8                OTG_FS_WKUP_IRQHandler
                0x080055c8                TIM1_TRG_COM_TIM11_IRQHandler
                0x080055c8                OTG_HS_IRQHandler
                0x080055c8                EXTI1_IRQHandler
                0x080055c8                USART2_IRQHandler
                0x080055c8                I2C2_ER_IRQHandler
                0x080055c8                DMA2_Stream1_IRQHandler
                0x080055c8                CAN1_SCE_IRQHandler
                0x080055c8                DMA2_Stream4_IRQHandler
                0x080055c8                BusFault_Handler
                0x080055c8                OTG_FS_IRQHandler
                0x080055c8                SPI3_IRQHandler
                0x080055c8                DMA1_Stream4_IRQHandler
                0x080055c8                I2C1_ER_IRQHandler
                0x080055c8                DMA2_Stream6_IRQHandler
                0x080055c8                DMA1_Stream3_IRQHandler
 *fill*         0x080055ca        0x2 
 .text.__errno  0x080055cc        0xc c:/ac6/systemworkbench/plugins/fr.ac6.mcu.externaltools.arm-none.win32_1.15.0.201708311556/tools/compiler/bin/../lib/gcc/arm-none-eabi/6.3.1/../../../../arm-none-eabi/lib/thumb/v7e-m/fpv4-sp/hard\libc.a(lib_a-errno.o)
                0x080055cc                __errno
 .text.__libc_init_array
                0x080055d8       0x50 c:/ac6/systemworkbench/plugins/fr.ac6.mcu.externaltools.arm-none.win32_1.15.0.201708311556/tools/compiler/bin/../lib/gcc/arm-none-eabi/6.3.1/../../../../arm-none-eabi/lib/thumb/v7e-m/fpv4-sp/hard\libc.a(lib_a-init.o)
                0x080055d8                __libc_init_array
 .text.memset   0x08005628       0x9c c:/ac6/systemworkbench/plugins/fr.ac6.mcu.externaltools.arm-none.win32_1.15.0.201708311556/tools/compiler/bin/../lib/gcc/arm-none-eabi/6.3.1/../../../../arm-none-eabi/lib/thumb/v7e-m/fpv4-sp/hard\libc.a(lib_a-memset.o)
                0x08005628                memset
 .text.printf   0x080056c4       0x28 c:/ac6/systemworkbench/plugins/fr.ac6.mcu.externaltools.arm-none.win32_1.15.0.201708311556/tools/compiler/bin/../lib/gcc/arm-none-eabi/6.3.1/../../../../arm-none-eabi/lib/thumb/v7e-m/fpv4-sp/hard\libc.a(lib_a-printf.o)
                0x080056c4                printf
 .text._puts_r  0x080056ec       0x9c c:/ac6/systemworkbench/plugins/fr.ac6.mcu.externaltools.arm-none.win32_1.15.0.201708311556/tools/compiler/bin/../lib/gcc/arm-none-eabi/6.3.1/../../../../arm-none-eabi/lib/thumb/v7e-m/fpv4-sp/hard\libc.a(lib_a-puts.o)
                0x080056ec                _puts_r
 .text.puts     0x08005788       0x10 c:/ac6/systemworkbench/plugins/fr.ac6.mcu.externaltools.arm-none.win32_1.15.0.201708311556/tools/compiler/bin/../lib/gcc/arm-none-eabi/6.3.1/../../../../arm-none-eabi/lib/thumb/v7e-m/fpv4-sp/hard\libc.a(lib_a-puts.o)
                0x08005788                puts
 .text.setbuf   0x08005798       0x10 c:/ac6/systemworkbench/plugins/fr.ac6.mcu.externaltools.arm-none.win32_1.15.0.201708311556/tools/compiler/bin/../lib/gcc/arm-none-eabi/6.3.1/../../../../arm-none-eabi/lib/thumb/v7e-m/fpv4-sp/hard\libc.a(lib_a-setbuf.o)
                0x08005798                setbuf
 .text.setvbuf  0x080057a8      0x190 c:/ac6/systemworkbench/plugins/fr.ac6.mcu.externaltools.arm-none.win32_1.15.0.201708311556/tools/compiler/bin/../lib/gcc/arm-none-eabi/6.3.1/../../../../arm-none-eabi/lib/thumb/v7e-m/fpv4-sp/hard\libc.a(lib_a-setvbuf.o)
                0x080057a8                setvbuf
 .text.sscanf   0x08005938       0x58 c:/ac6/systemworkbench/plugins/fr.ac6.mcu.externaltools.arm-none.win32_1.15.0.201708311556/tools/compiler/bin/../lib/gcc/arm-none-eabi/6.3.1/../../../../arm-none-eabi/lib/thumb/v7e-m/fpv4-sp/hard\libc.a(lib_a-sscanf.o)
                0x08005938                sscanf
 .text.__sread  0x08005990       0x24 c:/ac6/systemworkbench/plugins/fr.ac6.mcu.externaltools.arm-none.win32_1.15.0.201708311556/tools/compiler/bin/../lib/gcc/arm-none-eabi/6.3.1/../../../../arm-none-eabi/lib/thumb/v7e-m/fpv4-sp/hard\libc.a(lib_a-stdio.o)
                0x08005990                __sread
 .text.__seofread
                0x080059b4        0x4 c:/ac6/systemworkbench/plugins/fr.ac6.mcu.externaltools.arm-none.win32_1.15.0.201708311556/tools/compiler/bin/../lib/gcc/arm-none-eabi/6.3.1/../../../../arm-none-eabi/lib/thumb/v7e-m/fpv4-sp/hard\libc.a(lib_a-stdio.o)
                0x080059b4                __seofread
 .text.__swrite
                0x080059b8       0x3c c:/ac6/systemworkbench/plugins/fr.ac6.mcu.externaltools.arm-none.win32_1.15.0.201708311556/tools/compiler/bin/../lib/gcc/arm-none-eabi/6.3.1/../../../../arm-none-eabi/lib/thumb/v7e-m/fpv4-sp/hard\libc.a(lib_a-stdio.o)
                0x080059b8                __swrite
 .text.__sseek  0x080059f4       0x20 c:/ac6/systemworkbench/plugins/fr.ac6.mcu.externaltools.arm-none.win32_1.15.0.201708311556/tools/compiler/bin/../lib/gcc/arm-none-eabi/6.3.1/../../../../arm-none-eabi/lib/thumb/v7e-m/fpv4-sp/hard\libc.a(lib_a-stdio.o)
                0x080059f4                __sseek
 .text.__sclose
                0x08005a14        0x8 c:/ac6/systemworkbench/plugins/fr.ac6.mcu.externaltools.arm-none.win32_1.15.0.201708311556/tools/compiler/bin/../lib/gcc/arm-none-eabi/6.3.1/../../../../arm-none-eabi/lib/thumb/v7e-m/fpv4-sp/hard\libc.a(lib_a-stdio.o)
                0x08005a14                __sclose
 .text.strncpy  0x08005a1c       0x64 c:/ac6/systemworkbench/plugins/fr.ac6.mcu.externaltools.arm-none.win32_1.15.0.201708311556/tools/compiler/bin/../lib/gcc/arm-none-eabi/6.3.1/../../../../arm-none-eabi/lib/thumb/v7e-m/fpv4-sp/hard\libc.a(lib_a-strncpy.o)
                0x08005a1c                strncpy
 .text.unlikely.sulp
                0x08005a80       0x38 c:/ac6/systemworkbench/plugins/fr.ac6.mcu.externaltools.arm-none.win32_1.15.0.201708311556/tools/compiler/bin/../lib/gcc/arm-none-eabi/6.3.1/../../../../arm-none-eabi/lib/thumb/v7e-m/fpv4-sp/hard\libc.a(lib_a-strtod.o)
 .text._strtod_l
                0x08005ab8      0xf28 c:/ac6/systemworkbench/plugins/fr.ac6.mcu.externaltools.arm-none.win32_1.15.0.201708311556/tools/compiler/bin/../lib/gcc/arm-none-eabi/6.3.1/../../../../arm-none-eabi/lib/thumb/v7e-m/fpv4-sp/hard\libc.a(lib_a-strtod.o)
                0x08005ab8                _strtod_l
 .text._strtod_r
                0x080069e0       0x20 c:/ac6/systemworkbench/plugins/fr.ac6.mcu.externaltools.arm-none.win32_1.15.0.201708311556/tools/compiler/bin/../lib/gcc/arm-none-eabi/6.3.1/../../../../arm-none-eabi/lib/thumb/v7e-m/fpv4-sp/hard\libc.a(lib_a-strtod.o)
                0x080069e0                _strtod_r
 .text.__ssvfscanf_r
                0x08006a00      0xe20 c:/ac6/systemworkbench/plugins/fr.ac6.mcu.externaltools.arm-none.win32_1.15.0.201708311556/tools/compiler/bin/../lib/gcc/arm-none-eabi/6.3.1/../../../../arm-none-eabi/lib/thumb/v7e-m/fpv4-sp/hard\libc.a(lib_a-svfscanf.o)
                0x08006a00                __ssvfscanf_r
 .text._vfprintf_r
                0x08007820     0x158c c:/ac6/systemworkbench/plugins/fr.ac6.mcu.externaltools.arm-none.win32_1.15.0.201708311556/tools/compiler/bin/../lib/gcc/arm-none-eabi/6.3.1/../../../../arm-none-eabi/lib/thumb/v7e-m/fpv4-sp/hard\libc.a(lib_a-vfprintf.o)
                0x08007820                _vfprintf_r
 .text.__sbprintf
                0x08008dac       0x84 c:/ac6/systemworkbench/plugins/fr.ac6.mcu.externaltools.arm-none.win32_1.15.0.201708311556/tools/compiler/bin/../lib/gcc/arm-none-eabi/6.3.1/../../../../arm-none-eabi/lib/thumb/v7e-m/fpv4-sp/hard\libc.a(lib_a-vfprintf.o)
 .text._write_r
                0x08008e30       0x2c c:/ac6/systemworkbench/plugins/fr.ac6.mcu.externaltools.arm-none.win32_1.15.0.201708311556/tools/compiler/bin/../lib/gcc/arm-none-eabi/6.3.1/../../../../arm-none-eabi/lib/thumb/v7e-m/fpv4-sp/hard\libc.a(lib_a-writer.o)
                0x08008e30                _write_r
 .text.__swsetup_r
                0x08008e5c       0xc8 c:/ac6/systemworkbench/plugins/fr.ac6.mcu.externaltools.arm-none.win32_1.15.0.201708311556/tools/compiler/bin/../lib/gcc/arm-none-eabi/6.3.1/../../../../arm-none-eabi/lib/thumb/v7e-m/fpv4-sp/hard\libc.a(lib_a-wsetup.o)
                0x08008e5c                __swsetup_r
 .text.startup.register_fini
                0x08008f24       0x14 c:/ac6/systemworkbench/plugins/fr.ac6.mcu.externaltools.arm-none.win32_1.15.0.201708311556/tools/compiler/bin/../lib/gcc/arm-none-eabi/6.3.1/../../../../arm-none-eabi/lib/thumb/v7e-m/fpv4-sp/hard\libc.a(lib_a-__call_atexit.o)
 .text.atexit   0x08008f38        0xc c:/ac6/systemworkbench/plugins/fr.ac6.mcu.externaltools.arm-none.win32_1.15.0.201708311556/tools/compiler/bin/../lib/gcc/arm-none-eabi/6.3.1/../../../../arm-none-eabi/lib/thumb/v7e-m/fpv4-sp/hard\libc.a(lib_a-atexit.o)
                0x08008f38                atexit
 .text._close_r
                0x08008f44       0x24 c:/ac6/systemworkbench/plugins/fr.ac6.mcu.externaltools.arm-none.win32_1.15.0.201708311556/tools/compiler/bin/../lib/gcc/arm-none-eabi/6.3.1/../../../../arm-none-eabi/lib/thumb/v7e-m/fpv4-sp/hard\libc.a(lib_a-closer.o)
                0x08008f44                _close_r
 .text.quorem   0x08008f68      0x128 c:/ac6/systemworkbench/plugins/fr.ac6.mcu.externaltools.arm-none.win32_1.15.0.201708311556/tools/compiler/bin/../lib/gcc/arm-none-eabi/6.3.1/../../../../arm-none-eabi/lib/thumb/v7e-m/fpv4-sp/hard\libc.a(lib_a-dtoa.o)
 .text._dtoa_r  0x08009090      0xe4c c:/ac6/systemworkbench/plugins/fr.ac6.mcu.externaltools.arm-none.win32_1.15.0.201708311556/tools/compiler/bin/../lib/gcc/arm-none-eabi/6.3.1/../../../../arm-none-eabi/lib/thumb/v7e-m/fpv4-sp/hard\libc.a(lib_a-dtoa.o)
                0x08009090                _dtoa_r
 .text.__sflush_r
                0x08009edc      0x140 c:/ac6/systemworkbench/plugins/fr.ac6.mcu.externaltools.arm-none.win32_1.15.0.201708311556/tools/compiler/bin/../lib/gcc/arm-none-eabi/6.3.1/../../../../arm-none-eabi/lib/thumb/v7e-m/fpv4-sp/hard\libc.a(lib_a-fflush.o)
                0x08009edc                __sflush_r
 .text._fflush_r
                0x0800a01c       0x54 c:/ac6/systemworkbench/plugins/fr.ac6.mcu.externaltools.arm-none.win32_1.15.0.201708311556/tools/compiler/bin/../lib/gcc/arm-none-eabi/6.3.1/../../../../arm-none-eabi/lib/thumb/v7e-m/fpv4-sp/hard\libc.a(lib_a-fflush.o)
                0x0800a01c                _fflush_r
 .text._cleanup_r
                0x0800a070        0xc c:/ac6/systemworkbench/plugins/fr.ac6.mcu.externaltools.arm-none.win32_1.15.0.201708311556/tools/compiler/bin/../lib/gcc/arm-none-eabi/6.3.1/../../../../arm-none-eabi/lib/thumb/v7e-m/fpv4-sp/hard\libc.a(lib_a-findfp.o)
                0x0800a070                _cleanup_r
 .text.std.isra.0
                0x0800a07c       0x50 c:/ac6/systemworkbench/plugins/fr.ac6.mcu.externaltools.arm-none.win32_1.15.0.201708311556/tools/compiler/bin/../lib/gcc/arm-none-eabi/6.3.1/../../../../arm-none-eabi/lib/thumb/v7e-m/fpv4-sp/hard\libc.a(lib_a-findfp.o)
 .text.__sinit  0x0800a0cc       0x58 c:/ac6/systemworkbench/plugins/fr.ac6.mcu.externaltools.arm-none.win32_1.15.0.201708311556/tools/compiler/bin/../lib/gcc/arm-none-eabi/6.3.1/../../../../arm-none-eabi/lib/thumb/v7e-m/fpv4-sp/hard\libc.a(lib_a-findfp.o)
                0x0800a0cc                __sinit
 .text.__sfp_lock_acquire
                0x0800a124        0xc c:/ac6/systemworkbench/plugins/fr.ac6.mcu.externaltools.arm-none.win32_1.15.0.201708311556/tools/compiler/bin/../lib/gcc/arm-none-eabi/6.3.1/../../../../arm-none-eabi/lib/thumb/v7e-m/fpv4-sp/hard\libc.a(lib_a-findfp.o)
                0x0800a124                __sfp_lock_acquire
 .text.__sfp_lock_release
                0x0800a130        0xc c:/ac6/systemworkbench/plugins/fr.ac6.mcu.externaltools.arm-none.win32_1.15.0.201708311556/tools/compiler/bin/../lib/gcc/arm-none-eabi/6.3.1/../../../../arm-none-eabi/lib/thumb/v7e-m/fpv4-sp/hard\libc.a(lib_a-findfp.o)
                0x0800a130                __sfp_lock_release
 .text.__libc_fini_array
                0x0800a13c       0x34 c:/ac6/systemworkbench/plugins/fr.ac6.mcu.externaltools.arm-none.win32_1.15.0.201708311556/tools/compiler/bin/../lib/gcc/arm-none-eabi/6.3.1/../../../../arm-none-eabi/lib/thumb/v7e-m/fpv4-sp/hard\libc.a(lib_a-fini.o)
                0x0800a13c                __libc_fini_array
 .text._malloc_trim_r
                0x0800a170       0xa0 c:/ac6/systemworkbench/plugins/fr.ac6.mcu.externaltools.arm-none.win32_1.15.0.201708311556/tools/compiler/bin/../lib/gcc/arm-none-eabi/6.3.1/../../../../arm-none-eabi/lib/thumb/v7e-m/fpv4-sp/hard\libc.a(lib_a-freer.o)
                0x0800a170                _malloc_trim_r
 .text._free_r  0x0800a210      0x1cc c:/ac6/systemworkbench/plugins/fr.ac6.mcu.externaltools.arm-none.win32_1.15.0.201708311556/tools/compiler/bin/../lib/gcc/arm-none-eabi/6.3.1/../../../../arm-none-eabi/lib/thumb/v7e-m/fpv4-sp/hard\libc.a(lib_a-freer.o)
                0x0800a210                _free_r
 .text.__sfvwrite_r
                0x0800a3dc      0x2f0 c:/ac6/systemworkbench/plugins/fr.ac6.mcu.externaltools.arm-none.win32_1.15.0.201708311556/tools/compiler/bin/../lib/gcc/arm-none-eabi/6.3.1/../../../../arm-none-eabi/lib/thumb/v7e-m/fpv4-sp/hard\libc.a(lib_a-fvwrite.o)
                0x0800a3dc                __sfvwrite_r
 .text._fwalk_reent
                0x0800a6cc       0x54 c:/ac6/systemworkbench/plugins/fr.ac6.mcu.externaltools.arm-none.win32_1.15.0.201708311556/tools/compiler/bin/../lib/gcc/arm-none-eabi/6.3.1/../../../../arm-none-eabi/lib/thumb/v7e-m/fpv4-sp/hard\libc.a(lib_a-fwalk.o)
                0x0800a6cc                _fwalk_reent
 .text.rshift   0x0800a720       0x98 c:/ac6/systemworkbench/plugins/fr.ac6.mcu.externaltools.arm-none.win32_1.15.0.201708311556/tools/compiler/bin/../lib/gcc/arm-none-eabi/6.3.1/../../../../arm-none-eabi/lib/thumb/v7e-m/fpv4-sp/hard\libc.a(lib_a-gdtoa-gethex.o)
 .text.__gethex
                0x0800a7b8      0x518 c:/ac6/systemworkbench/plugins/fr.ac6.mcu.externaltools.arm-none.win32_1.15.0.201708311556/tools/compiler/bin/../lib/gcc/arm-none-eabi/6.3.1/../../../../arm-none-eabi/lib/thumb/v7e-m/fpv4-sp/hard\libc.a(lib_a-gdtoa-gethex.o)
                0x0800a7b8                __gethex
 .text.__match  0x0800acd0       0x30 c:/ac6/systemworkbench/plugins/fr.ac6.mcu.externaltools.arm-none.win32_1.15.0.201708311556/tools/compiler/bin/../lib/gcc/arm-none-eabi/6.3.1/../../../../arm-none-eabi/lib/thumb/v7e-m/fpv4-sp/hard\libc.a(lib_a-gdtoa-hexnan.o)
                0x0800acd0                __match
 .text.__hexnan
                0x0800ad00      0x184 c:/ac6/systemworkbench/plugins/fr.ac6.mcu.externaltools.arm-none.win32_1.15.0.201708311556/tools/compiler/bin/../lib/gcc/arm-none-eabi/6.3.1/../../../../arm-none-eabi/lib/thumb/v7e-m/fpv4-sp/hard\libc.a(lib_a-gdtoa-hexnan.o)
                0x0800ad00                __hexnan
 .text.iswspace
                0x0800ae84       0x1c c:/ac6/systemworkbench/plugins/fr.ac6.mcu.externaltools.arm-none.win32_1.15.0.201708311556/tools/compiler/bin/../lib/gcc/arm-none-eabi/6.3.1/../../../../arm-none-eabi/lib/thumb/v7e-m/fpv4-sp/hard\libc.a(lib_a-iswspace.o)
                0x0800ae84                iswspace
 .text.__locale_mb_cur_max
                0x0800aea0       0x1c c:/ac6/systemworkbench/plugins/fr.ac6.mcu.externaltools.arm-none.win32_1.15.0.201708311556/tools/compiler/bin/../lib/gcc/arm-none-eabi/6.3.1/../../../../arm-none-eabi/lib/thumb/v7e-m/fpv4-sp/hard\libc.a(lib_a-locale.o)
                0x0800aea0                __locale_mb_cur_max
 .text.__locale_ctype_ptr_l
                0x0800aebc        0x8 c:/ac6/systemworkbench/plugins/fr.ac6.mcu.externaltools.arm-none.win32_1.15.0.201708311556/tools/compiler/bin/../lib/gcc/arm-none-eabi/6.3.1/../../../../arm-none-eabi/lib/thumb/v7e-m/fpv4-sp/hard\libc.a(lib_a-locale.o)
                0x0800aebc                __locale_ctype_ptr_l
 .text.__locale_ctype_ptr
                0x0800aec4       0x1c c:/ac6/systemworkbench/plugins/fr.ac6.mcu.externaltools.arm-none.win32_1.15.0.201708311556/tools/compiler/bin/../lib/gcc/arm-none-eabi/6.3.1/../../../../arm-none-eabi/lib/thumb/v7e-m/fpv4-sp/hard\libc.a(lib_a-locale.o)
                0x0800aec4                __locale_ctype_ptr
 .text.__localeconv_l
                0x0800aee0        0x4 c:/ac6/systemworkbench/plugins/fr.ac6.mcu.externaltools.arm-none.win32_1.15.0.201708311556/tools/compiler/bin/../lib/gcc/arm-none-eabi/6.3.1/../../../../arm-none-eabi/lib/thumb/v7e-m/fpv4-sp/hard\libc.a(lib_a-localeconv.o)
                0x0800aee0                __localeconv_l
 .text._localeconv_r
                0x0800aee4       0x1c c:/ac6/systemworkbench/plugins/fr.ac6.mcu.externaltools.arm-none.win32_1.15.0.201708311556/tools/compiler/bin/../lib/gcc/arm-none-eabi/6.3.1/../../../../arm-none-eabi/lib/thumb/v7e-m/fpv4-sp/hard\libc.a(lib_a-localeconv.o)
                0x0800aee4                _localeconv_r
 .text.__retarget_lock_init_recursive
                0x0800af00        0x4 c:/ac6/systemworkbench/plugins/fr.ac6.mcu.externaltools.arm-none.win32_1.15.0.201708311556/tools/compiler/bin/../lib/gcc/arm-none-eabi/6.3.1/../../../../arm-none-eabi/lib/thumb/v7e-m/fpv4-sp/hard\libc.a(lib_a-lock.o)
                0x0800af00                __retarget_lock_init_recursive
 .text.__retarget_lock_close_recursive
                0x0800af04        0x4 c:/ac6/systemworkbench/plugins/fr.ac6.mcu.externaltools.arm-none.win32_1.15.0.201708311556/tools/compiler/bin/../lib/gcc/arm-none-eabi/6.3.1/../../../../arm-none-eabi/lib/thumb/v7e-m/fpv4-sp/hard\libc.a(lib_a-lock.o)
                0x0800af04                __retarget_lock_close_recursive
 .text.__retarget_lock_acquire_recursive
                0x0800af08        0x4 c:/ac6/systemworkbench/plugins/fr.ac6.mcu.externaltools.arm-none.win32_1.15.0.201708311556/tools/compiler/bin/../lib/gcc/arm-none-eabi/6.3.1/../../../../arm-none-eabi/lib/thumb/v7e-m/fpv4-sp/hard\libc.a(lib_a-lock.o)
                0x0800af08                __retarget_lock_acquire_recursive
 .text.__retarget_lock_release_recursive
                0x0800af0c        0x4 c:/ac6/systemworkbench/plugins/fr.ac6.mcu.externaltools.arm-none.win32_1.15.0.201708311556/tools/compiler/bin/../lib/gcc/arm-none-eabi/6.3.1/../../../../arm-none-eabi/lib/thumb/v7e-m/fpv4-sp/hard\libc.a(lib_a-lock.o)
                0x0800af0c                __retarget_lock_release_recursive
 .text._lseek_r
                0x0800af10       0x2c c:/ac6/systemworkbench/plugins/fr.ac6.mcu.externaltools.arm-none.win32_1.15.0.201708311556/tools/compiler/bin/../lib/gcc/arm-none-eabi/6.3.1/../../../../arm-none-eabi/lib/thumb/v7e-m/fpv4-sp/hard\libc.a(lib_a-lseekr.o)
                0x0800af10                _lseek_r
 .text.__swhatbuf_r
                0x0800af3c       0x5c c:/ac6/systemworkbench/plugins/fr.ac6.mcu.externaltools.arm-none.win32_1.15.0.201708311556/tools/compiler/bin/../lib/gcc/arm-none-eabi/6.3.1/../../../../arm-none-eabi/lib/thumb/v7e-m/fpv4-sp/hard\libc.a(lib_a-makebuf.o)
                0x0800af3c                __swhatbuf_r
 .text.__smakebuf_r
                0x0800af98       0x94 c:/ac6/systemworkbench/plugins/fr.ac6.mcu.externaltools.arm-none.win32_1.15.0.201708311556/tools/compiler/bin/../lib/gcc/arm-none-eabi/6.3.1/../../../../arm-none-eabi/lib/thumb/v7e-m/fpv4-sp/hard\libc.a(lib_a-makebuf.o)
                0x0800af98                __smakebuf_r
 .text.malloc   0x0800b02c       0x10 c:/ac6/systemworkbench/plugins/fr.ac6.mcu.externaltools.arm-none.win32_1.15.0.201708311556/tools/compiler/bin/../lib/gcc/arm-none-eabi/6.3.1/../../../../arm-none-eabi/lib/thumb/v7e-m/fpv4-sp/hard\libc.a(lib_a-malloc.o)
                0x0800b02c                malloc
 .text._malloc_r
                0x0800b03c      0x560 c:/ac6/systemworkbench/plugins/fr.ac6.mcu.externaltools.arm-none.win32_1.15.0.201708311556/tools/compiler/bin/../lib/gcc/arm-none-eabi/6.3.1/../../../../arm-none-eabi/lib/thumb/v7e-m/fpv4-sp/hard\libc.a(lib_a-mallocr.o)
                0x0800b03c                _malloc_r
 .text._mbrtowc_r
                0x0800b59c       0x5c c:/ac6/systemworkbench/plugins/fr.ac6.mcu.externaltools.arm-none.win32_1.15.0.201708311556/tools/compiler/bin/../lib/gcc/arm-none-eabi/6.3.1/../../../../arm-none-eabi/lib/thumb/v7e-m/fpv4-sp/hard\libc.a(lib_a-mbrtowc.o)
                0x0800b59c                _mbrtowc_r
 .text.__ascii_mbtowc
                0x0800b5f8       0x2c c:/ac6/systemworkbench/plugins/fr.ac6.mcu.externaltools.arm-none.win32_1.15.0.201708311556/tools/compiler/bin/../lib/gcc/arm-none-eabi/6.3.1/../../../../arm-none-eabi/lib/thumb/v7e-m/fpv4-sp/hard\libc.a(lib_a-mbtowc_r.o)
                0x0800b5f8                __ascii_mbtowc
 .text.memmove  0x0800b624       0xc8 c:/ac6/systemworkbench/plugins/fr.ac6.mcu.externaltools.arm-none.win32_1.15.0.201708311556/tools/compiler/bin/../lib/gcc/arm-none-eabi/6.3.1/../../../../arm-none-eabi/lib/thumb/v7e-m/fpv4-sp/hard\libc.a(lib_a-memmove.o)
                0x0800b624                memmove
 .text.__malloc_lock
                0x0800b6ec        0xc c:/ac6/systemworkbench/plugins/fr.ac6.mcu.externaltools.arm-none.win32_1.15.0.201708311556/tools/compiler/bin/../lib/gcc/arm-none-eabi/6.3.1/../../../../arm-none-eabi/lib/thumb/v7e-m/fpv4-sp/hard\libc.a(lib_a-mlock.o)
                0x0800b6ec                __malloc_lock
 .text.__malloc_unlock
                0x0800b6f8        0xc c:/ac6/systemworkbench/plugins/fr.ac6.mcu.externaltools.arm-none.win32_1.15.0.201708311556/tools/compiler/bin/../lib/gcc/arm-none-eabi/6.3.1/../../../../arm-none-eabi/lib/thumb/v7e-m/fpv4-sp/hard\libc.a(lib_a-mlock.o)
                0x0800b6f8                __malloc_unlock
 .text._Balloc  0x0800b704       0x4c c:/ac6/systemworkbench/plugins/fr.ac6.mcu.externaltools.arm-none.win32_1.15.0.201708311556/tools/compiler/bin/../lib/gcc/arm-none-eabi/6.3.1/../../../../arm-none-eabi/lib/thumb/v7e-m/fpv4-sp/hard\libc.a(lib_a-mprec.o)
                0x0800b704                _Balloc
 .text._Bfree   0x0800b750       0x14 c:/ac6/systemworkbench/plugins/fr.ac6.mcu.externaltools.arm-none.win32_1.15.0.201708311556/tools/compiler/bin/../lib/gcc/arm-none-eabi/6.3.1/../../../../arm-none-eabi/lib/thumb/v7e-m/fpv4-sp/hard\libc.a(lib_a-mprec.o)
                0x0800b750                _Bfree
 .text.__multadd
                0x0800b764       0x80 c:/ac6/systemworkbench/plugins/fr.ac6.mcu.externaltools.arm-none.win32_1.15.0.201708311556/tools/compiler/bin/../lib/gcc/arm-none-eabi/6.3.1/../../../../arm-none-eabi/lib/thumb/v7e-m/fpv4-sp/hard\libc.a(lib_a-mprec.o)
                0x0800b764                __multadd
 .text.__s2b    0x0800b7e4       0x9c c:/ac6/systemworkbench/plugins/fr.ac6.mcu.externaltools.arm-none.win32_1.15.0.201708311556/tools/compiler/bin/../lib/gcc/arm-none-eabi/6.3.1/../../../../arm-none-eabi/lib/thumb/v7e-m/fpv4-sp/hard\libc.a(lib_a-mprec.o)
                0x0800b7e4                __s2b
 .text.__hi0bits
                0x0800b880       0x40 c:/ac6/systemworkbench/plugins/fr.ac6.mcu.externaltools.arm-none.win32_1.15.0.201708311556/tools/compiler/bin/../lib/gcc/arm-none-eabi/6.3.1/../../../../arm-none-eabi/lib/thumb/v7e-m/fpv4-sp/hard\libc.a(lib_a-mprec.o)
                0x0800b880                __hi0bits
 .text.__lo0bits
                0x0800b8c0       0x60 c:/ac6/systemworkbench/plugins/fr.ac6.mcu.externaltools.arm-none.win32_1.15.0.201708311556/tools/compiler/bin/../lib/gcc/arm-none-eabi/6.3.1/../../../../arm-none-eabi/lib/thumb/v7e-m/fpv4-sp/hard\libc.a(lib_a-mprec.o)
                0x0800b8c0                __lo0bits
 .text.__i2b    0x0800b920       0x14 c:/ac6/systemworkbench/plugins/fr.ac6.mcu.externaltools.arm-none.win32_1.15.0.201708311556/tools/compiler/bin/../lib/gcc/arm-none-eabi/6.3.1/../../../../arm-none-eabi/lib/thumb/v7e-m/fpv4-sp/hard\libc.a(lib_a-mprec.o)
                0x0800b920                __i2b
 .text.__multiply
                0x0800b934      0x124 c:/ac6/systemworkbench/plugins/fr.ac6.mcu.externaltools.arm-none.win32_1.15.0.201708311556/tools/compiler/bin/../lib/gcc/arm-none-eabi/6.3.1/../../../../arm-none-eabi/lib/thumb/v7e-m/fpv4-sp/hard\libc.a(lib_a-mprec.o)
                0x0800b934                __multiply
 .text.__pow5mult
                0x0800ba58       0xa0 c:/ac6/systemworkbench/plugins/fr.ac6.mcu.externaltools.arm-none.win32_1.15.0.201708311556/tools/compiler/bin/../lib/gcc/arm-none-eabi/6.3.1/../../../../arm-none-eabi/lib/thumb/v7e-m/fpv4-sp/hard\libc.a(lib_a-mprec.o)
                0x0800ba58                __pow5mult
 .text.__lshift
                0x0800baf8       0xa4 c:/ac6/systemworkbench/plugins/fr.ac6.mcu.externaltools.arm-none.win32_1.15.0.201708311556/tools/compiler/bin/../lib/gcc/arm-none-eabi/6.3.1/../../../../arm-none-eabi/lib/thumb/v7e-m/fpv4-sp/hard\libc.a(lib_a-mprec.o)
                0x0800baf8                __lshift
 .text.__mcmp   0x0800bb9c       0x38 c:/ac6/systemworkbench/plugins/fr.ac6.mcu.externaltools.arm-none.win32_1.15.0.201708311556/tools/compiler/bin/../lib/gcc/arm-none-eabi/6.3.1/../../../../arm-none-eabi/lib/thumb/v7e-m/fpv4-sp/hard\libc.a(lib_a-mprec.o)
                0x0800bb9c                __mcmp
 .text.__mdiff  0x0800bbd4      0x108 c:/ac6/systemworkbench/plugins/fr.ac6.mcu.externaltools.arm-none.win32_1.15.0.201708311556/tools/compiler/bin/../lib/gcc/arm-none-eabi/6.3.1/../../../../arm-none-eabi/lib/thumb/v7e-m/fpv4-sp/hard\libc.a(lib_a-mprec.o)
                0x0800bbd4                __mdiff
 .text.__ulp    0x0800bcdc       0x54 c:/ac6/systemworkbench/plugins/fr.ac6.mcu.externaltools.arm-none.win32_1.15.0.201708311556/tools/compiler/bin/../lib/gcc/arm-none-eabi/6.3.1/../../../../arm-none-eabi/lib/thumb/v7e-m/fpv4-sp/hard\libc.a(lib_a-mprec.o)
                0x0800bcdc                __ulp
 .text.__b2d    0x0800bd30       0xc4 c:/ac6/systemworkbench/plugins/fr.ac6.mcu.externaltools.arm-none.win32_1.15.0.201708311556/tools/compiler/bin/../lib/gcc/arm-none-eabi/6.3.1/../../../../arm-none-eabi/lib/thumb/v7e-m/fpv4-sp/hard\libc.a(lib_a-mprec.o)
                0x0800bd30                __b2d
 .text.__d2b    0x0800bdf4       0xbc c:/ac6/systemworkbench/plugins/fr.ac6.mcu.externaltools.arm-none.win32_1.15.0.201708311556/tools/compiler/bin/../lib/gcc/arm-none-eabi/6.3.1/../../../../arm-none-eabi/lib/thumb/v7e-m/fpv4-sp/hard\libc.a(lib_a-mprec.o)
                0x0800bdf4                __d2b
 .text.__ratio  0x0800beb0       0x60 c:/ac6/systemworkbench/plugins/fr.ac6.mcu.externaltools.arm-none.win32_1.15.0.201708311556/tools/compiler/bin/../lib/gcc/arm-none-eabi/6.3.1/../../../../arm-none-eabi/lib/thumb/v7e-m/fpv4-sp/hard\libc.a(lib_a-mprec.o)
                0x0800beb0                __ratio
 .text.__copybits
                0x0800bf10       0x48 c:/ac6/systemworkbench/plugins/fr.ac6.mcu.externaltools.arm-none.win32_1.15.0.201708311556/tools/compiler/bin/../lib/gcc/arm-none-eabi/6.3.1/../../../../arm-none-eabi/lib/thumb/v7e-m/fpv4-sp/hard\libc.a(lib_a-mprec.o)
                0x0800bf10                __copybits
 .text.__any_on
                0x0800bf58       0x60 c:/ac6/systemworkbench/plugins/fr.ac6.mcu.externaltools.arm-none.win32_1.15.0.201708311556/tools/compiler/bin/../lib/gcc/arm-none-eabi/6.3.1/../../../../arm-none-eabi/lib/thumb/v7e-m/fpv4-sp/hard\libc.a(lib_a-mprec.o)
                0x0800bf58                __any_on
 .text._read_r  0x0800bfb8       0x2c c:/ac6/systemworkbench/plugins/fr.ac6.mcu.externaltools.arm-none.win32_1.15.0.201708311556/tools/compiler/bin/../lib/gcc/arm-none-eabi/6.3.1/../../../../arm-none-eabi/lib/thumb/v7e-m/fpv4-sp/hard\libc.a(lib_a-readr.o)
                0x0800bfb8                _read_r
 .text._realloc_r
                0x0800bfe4      0x34c c:/ac6/systemworkbench/plugins/fr.ac6.mcu.externaltools.arm-none.win32_1.15.0.201708311556/tools/compiler/bin/../lib/gcc/arm-none-eabi/6.3.1/../../../../arm-none-eabi/lib/thumb/v7e-m/fpv4-sp/hard\libc.a(lib_a-reallocr.o)
                0x0800bfe4                _realloc_r
 .text._sbrk_r  0x0800c330       0x24 c:/ac6/systemworkbench/plugins/fr.ac6.mcu.externaltools.arm-none.win32_1.15.0.201708311556/tools/compiler/bin/../lib/gcc/arm-none-eabi/6.3.1/../../../../arm-none-eabi/lib/thumb/v7e-m/fpv4-sp/hard\libc.a(lib_a-sbrkr.o)
                0x0800c330                _sbrk_r
 .text.__sccl   0x0800c354       0x74 c:/ac6/systemworkbench/plugins/fr.ac6.mcu.externaltools.arm-none.win32_1.15.0.201708311556/tools/compiler/bin/../lib/gcc/arm-none-eabi/6.3.1/../../../../arm-none-eabi/lib/thumb/v7e-m/fpv4-sp/hard\libc.a(lib_a-sccl.o)
                0x0800c354                __sccl
 .text.nanf     0x0800c3c8        0xc c:/ac6/systemworkbench/plugins/fr.ac6.mcu.externaltools.arm-none.win32_1.15.0.201708311556/tools/compiler/bin/../lib/gcc/arm-none-eabi/6.3.1/../../../../arm-none-eabi/lib/thumb/v7e-m/fpv4-sp/hard\libc.a(lib_a-sf_nan.o)
                0x0800c3c8                nanf
 .text.sprintf  0x0800c3d4       0x4c c:/ac6/systemworkbench/plugins/fr.ac6.mcu.externaltools.arm-none.win32_1.15.0.201708311556/tools/compiler/bin/../lib/gcc/arm-none-eabi/6.3.1/../../../../arm-none-eabi/lib/thumb/v7e-m/fpv4-sp/hard\libc.a(lib_a-sprintf.o)
                0x0800c3d4                sprintf
 .text.strncmp  0x0800c420       0xa4 c:/ac6/systemworkbench/plugins/fr.ac6.mcu.externaltools.arm-none.win32_1.15.0.201708311556/tools/compiler/bin/../lib/gcc/arm-none-eabi/6.3.1/../../../../arm-none-eabi/lib/thumb/v7e-m/fpv4-sp/hard\libc.a(lib_a-strncmp.o)
                0x0800c420                strncmp
 .text._strtol_l.isra.0
                0x0800c4c4      0x128 c:/ac6/systemworkbench/plugins/fr.ac6.mcu.externaltools.arm-none.win32_1.15.0.201708311556/tools/compiler/bin/../lib/gcc/arm-none-eabi/6.3.1/../../../../arm-none-eabi/lib/thumb/v7e-m/fpv4-sp/hard\libc.a(lib_a-strtol.o)
 .text._strtol_r
                0x0800c5ec       0x24 c:/ac6/systemworkbench/plugins/fr.ac6.mcu.externaltools.arm-none.win32_1.15.0.201708311556/tools/compiler/bin/../lib/gcc/arm-none-eabi/6.3.1/../../../../arm-none-eabi/lib/thumb/v7e-m/fpv4-sp/hard\libc.a(lib_a-strtol.o)
                0x0800c5ec                _strtol_r
 .text._strtoll_l.isra.0
                0x0800c610      0x19c c:/ac6/systemworkbench/plugins/fr.ac6.mcu.externaltools.arm-none.win32_1.15.0.201708311556/tools/compiler/bin/../lib/gcc/arm-none-eabi/6.3.1/../../../../arm-none-eabi/lib/thumb/v7e-m/fpv4-sp/hard\libc.a(lib_a-strtoll.o)
 .text._strtoll_r
                0x0800c7ac       0x24 c:/ac6/systemworkbench/plugins/fr.ac6.mcu.externaltools.arm-none.win32_1.15.0.201708311556/tools/compiler/bin/../lib/gcc/arm-none-eabi/6.3.1/../../../../arm-none-eabi/lib/thumb/v7e-m/fpv4-sp/hard\libc.a(lib_a-strtoll.o)
                0x0800c7ac                _strtoll_r
 .text._strtoul_l.isra.0
                0x0800c7d0      0x148 c:/ac6/systemworkbench/plugins/fr.ac6.mcu.externaltools.arm-none.win32_1.15.0.201708311556/tools/compiler/bin/../lib/gcc/arm-none-eabi/6.3.1/../../../../arm-none-eabi/lib/thumb/v7e-m/fpv4-sp/hard\libc.a(lib_a-strtoul.o)
 .text._strtoul_r
                0x0800c918       0x24 c:/ac6/systemworkbench/plugins/fr.ac6.mcu.externaltools.arm-none.win32_1.15.0.201708311556/tools/compiler/bin/../lib/gcc/arm-none-eabi/6.3.1/../../../../arm-none-eabi/lib/thumb/v7e-m/fpv4-sp/hard\libc.a(lib_a-strtoul.o)
                0x0800c918                _strtoul_r
 .text._strtoull_l.isra.0
                0x0800c93c      0x1bc c:/ac6/systemworkbench/plugins/fr.ac6.mcu.externaltools.arm-none.win32_1.15.0.201708311556/tools/compiler/bin/../lib/gcc/arm-none-eabi/6.3.1/../../../../arm-none-eabi/lib/thumb/v7e-m/fpv4-sp/hard\libc.a(lib_a-strtoull.o)
 .text._strtoull_r
                0x0800caf8       0x24 c:/ac6/systemworkbench/plugins/fr.ac6.mcu.externaltools.arm-none.win32_1.15.0.201708311556/tools/compiler/bin/../lib/gcc/arm-none-eabi/6.3.1/../../../../arm-none-eabi/lib/thumb/v7e-m/fpv4-sp/hard\libc.a(lib_a-strtoull.o)
                0x0800caf8                _strtoull_r
 .text._sungetc_r
                0x0800cb1c       0x80 c:/ac6/systemworkbench/plugins/fr.ac6.mcu.externaltools.arm-none.win32_1.15.0.201708311556/tools/compiler/bin/../lib/gcc/arm-none-eabi/6.3.1/../../../../arm-none-eabi/lib/thumb/v7e-m/fpv4-sp/hard\libc.a(lib_a-svfiscanf.o)
                0x0800cb1c                _sungetc_r
 .text.__ssrefill_r
                0x0800cb9c       0x3c c:/ac6/systemworkbench/plugins/fr.ac6.mcu.externaltools.arm-none.win32_1.15.0.201708311556/tools/compiler/bin/../lib/gcc/arm-none-eabi/6.3.1/../../../../arm-none-eabi/lib/thumb/v7e-m/fpv4-sp/hard\libc.a(lib_a-svfiscanf.o)
                0x0800cb9c                __ssrefill_r
 .text._sfread_r
                0x0800cbd8       0x80 c:/ac6/systemworkbench/plugins/fr.ac6.mcu.externaltools.arm-none.win32_1.15.0.201708311556/tools/compiler/bin/../lib/gcc/arm-none-eabi/6.3.1/../../../../arm-none-eabi/lib/thumb/v7e-m/fpv4-sp/hard\libc.a(lib_a-svfiscanf.o)
                0x0800cbd8                _sfread_r
 .text._svfprintf_r
                0x0800cc58     0x1494 c:/ac6/systemworkbench/plugins/fr.ac6.mcu.externaltools.arm-none.win32_1.15.0.201708311556/tools/compiler/bin/../lib/gcc/arm-none-eabi/6.3.1/../../../../arm-none-eabi/lib/thumb/v7e-m/fpv4-sp/hard\libc.a(lib_a-svfprintf.o)
                0x0800cc58                _svfprintf_r
 .text.__submore
                0x0800e0ec       0x78 c:/ac6/systemworkbench/plugins/fr.ac6.mcu.externaltools.arm-none.win32_1.15.0.201708311556/tools/compiler/bin/../lib/gcc/arm-none-eabi/6.3.1/../../../../arm-none-eabi/lib/thumb/v7e-m/fpv4-sp/hard\libc.a(lib_a-ungetc.o)
                0x0800e0ec                __submore
 .text.__sprint_r.part.0
                0x0800e164       0x80 c:/ac6/systemworkbench/plugins/fr.ac6.mcu.externaltools.arm-none.win32_1.15.0.201708311556/tools/compiler/bin/../lib/gcc/arm-none-eabi/6.3.1/../../../../arm-none-eabi/lib/thumb/v7e-m/fpv4-sp/hard\libc.a(lib_a-vfiprintf.o)
 .text.__sprint_r
                0x0800e1e4       0x14 c:/ac6/systemworkbench/plugins/fr.ac6.mcu.externaltools.arm-none.win32_1.15.0.201708311556/tools/compiler/bin/../lib/gcc/arm-none-eabi/6.3.1/../../../../arm-none-eabi/lib/thumb/v7e-m/fpv4-sp/hard\libc.a(lib_a-vfiprintf.o)
                0x0800e1e4                __sprint_r
 .text.__ascii_wctomb
                0x0800e1f8       0x1c c:/ac6/systemworkbench/plugins/fr.ac6.mcu.externaltools.arm-none.win32_1.15.0.201708311556/tools/compiler/bin/../lib/gcc/arm-none-eabi/6.3.1/../../../../arm-none-eabi/lib/thumb/v7e-m/fpv4-sp/hard\libc.a(lib_a-wctomb_r.o)
                0x0800e1f8                __ascii_wctomb
 .text.__register_exitproc
                0x0800e214       0xc4 c:/ac6/systemworkbench/plugins/fr.ac6.mcu.externaltools.arm-none.win32_1.15.0.201708311556/tools/compiler/bin/../lib/gcc/arm-none-eabi/6.3.1/../../../../arm-none-eabi/lib/thumb/v7e-m/fpv4-sp/hard\libc.a(lib_a-__atexit.o)
                0x0800e214                __register_exitproc
 .text._calloc_r
                0x0800e2d8       0x60 c:/ac6/systemworkbench/plugins/fr.ac6.mcu.externaltools.arm-none.win32_1.15.0.201708311556/tools/compiler/bin/../lib/gcc/arm-none-eabi/6.3.1/../../../../arm-none-eabi/lib/thumb/v7e-m/fpv4-sp/hard\libc.a(lib_a-callocr.o)
                0x0800e2d8                _calloc_r
 .text._fclose_r
                0x0800e338       0xc4 c:/ac6/systemworkbench/plugins/fr.ac6.mcu.externaltools.arm-none.win32_1.15.0.201708311556/tools/compiler/bin/../lib/gcc/arm-none-eabi/6.3.1/../../../../arm-none-eabi/lib/thumb/v7e-m/fpv4-sp/hard\libc.a(lib_a-fclose.o)
                0x0800e338                _fclose_r
 .text.__fputwc
                0x0800e3fc       0xa0 c:/ac6/systemworkbench/plugins/fr.ac6.mcu.externaltools.arm-none.win32_1.15.0.201708311556/tools/compiler/bin/../lib/gcc/arm-none-eabi/6.3.1/../../../../arm-none-eabi/lib/thumb/v7e-m/fpv4-sp/hard\libc.a(lib_a-fputwc.o)
                0x0800e3fc                __fputwc
 .text._fputwc_r
                0x0800e49c       0x68 c:/ac6/systemworkbench/plugins/fr.ac6.mcu.externaltools.arm-none.win32_1.15.0.201708311556/tools/compiler/bin/../lib/gcc/arm-none-eabi/6.3.1/../../../../arm-none-eabi/lib/thumb/v7e-m/fpv4-sp/hard\libc.a(lib_a-fputwc.o)
                0x0800e49c                _fputwc_r
 .text._fstat_r
                0x0800e504       0x28 c:/ac6/systemworkbench/plugins/fr.ac6.mcu.externaltools.arm-none.win32_1.15.0.201708311556/tools/compiler/bin/../lib/gcc/arm-none-eabi/6.3.1/../../../../arm-none-eabi/lib/thumb/v7e-m/fpv4-sp/hard\libc.a(lib_a-fstatr.o)
                0x0800e504                _fstat_r
 .text._isatty_r
                0x0800e52c       0x24 c:/ac6/systemworkbench/plugins/fr.ac6.mcu.externaltools.arm-none.win32_1.15.0.201708311556/tools/compiler/bin/../lib/gcc/arm-none-eabi/6.3.1/../../../../arm-none-eabi/lib/thumb/v7e-m/fpv4-sp/hard\libc.a(lib_a-isattyr.o)
                0x0800e52c                _isatty_r
 .text.__ssprint_r
                0x0800e550       0xfc c:/ac6/systemworkbench/plugins/fr.ac6.mcu.externaltools.arm-none.win32_1.15.0.201708311556/tools/compiler/bin/../lib/gcc/arm-none-eabi/6.3.1/../../../../arm-none-eabi/lib/thumb/v7e-m/fpv4-sp/hard\libc.a(lib_a-svfiprintf.o)
                0x0800e550                __ssprint_r
 .text.__swbuf_r
                0x0800e64c       0xb0 c:/ac6/systemworkbench/plugins/fr.ac6.mcu.externaltools.arm-none.win32_1.15.0.201708311556/tools/compiler/bin/../lib/gcc/arm-none-eabi/6.3.1/../../../../arm-none-eabi/lib/thumb/v7e-m/fpv4-sp/hard\libc.a(lib_a-wbuf.o)
                0x0800e64c                __swbuf_r
 .text._wcrtomb_r
                0x0800e6fc       0x54 c:/ac6/systemworkbench/plugins/fr.ac6.mcu.externaltools.arm-none.win32_1.15.0.201708311556/tools/compiler/bin/../lib/gcc/arm-none-eabi/6.3.1/../../../../arm-none-eabi/lib/thumb/v7e-m/fpv4-sp/hard\libc.a(lib_a-wcrtomb.o)
                0x0800e6fc                _wcrtomb_r
 *(.glue_7)
 .glue_7        0x0800e750        0x0 linker stubs
 *(.glue_7t)
 .glue_7t       0x0800e750        0x0 linker stubs
 *(.eh_frame)
 .eh_frame      0x0800e750        0x0 c:/ac6/systemworkbench/plugins/fr.ac6.mcu.externaltools.arm-none.win32_1.15.0.201708311556/tools/compiler/bin/../lib/gcc/arm-none-eabi/6.3.1/thumb/v7e-m/fpv4-sp/hard/crtbegin.o
 *(.init)
 .init          0x0800e750        0x4 c:/ac6/systemworkbench/plugins/fr.ac6.mcu.externaltools.arm-none.win32_1.15.0.201708311556/tools/compiler/bin/../lib/gcc/arm-none-eabi/6.3.1/thumb/v7e-m/fpv4-sp/hard/crti.o
                0x0800e750                _init
 .init          0x0800e754        0x8 c:/ac6/systemworkbench/plugins/fr.ac6.mcu.externaltools.arm-none.win32_1.15.0.201708311556/tools/compiler/bin/../lib/gcc/arm-none-eabi/6.3.1/thumb/v7e-m/fpv4-sp/hard/crtn.o
 *(.fini)
 .fini          0x0800e75c        0x4 c:/ac6/systemworkbench/plugins/fr.ac6.mcu.externaltools.arm-none.win32_1.15.0.201708311556/tools/compiler/bin/../lib/gcc/arm-none-eabi/6.3.1/thumb/v7e-m/fpv4-sp/hard/crti.o
                0x0800e75c                _fini
 .fini          0x0800e760        0x8 c:/ac6/systemworkbench/plugins/fr.ac6.mcu.externaltools.arm-none.win32_1.15.0.201708311556/tools/compiler/bin/../lib/gcc/arm-none-eabi/6.3.1/thumb/v7e-m/fpv4-sp/hard/crtn.o
                0x0800e768                . = ALIGN (0x4)
                0x0800e768                _etext = .

.vfp11_veneer   0x0800e768        0x0
 .vfp11_veneer  0x0800e768        0x0 linker stubs

.v4_bx          0x0800e768        0x0
 .v4_bx         0x0800e768        0x0 linker stubs

.iplt           0x0800e768        0x0
 .iplt          0x0800e768        0x0 c:/ac6/systemworkbench/plugins/fr.ac6.mcu.externaltools.arm-none.win32_1.15.0.201708311556/tools/compiler/bin/../lib/gcc/arm-none-eabi/6.3.1/thumb/v7e-m/fpv4-sp/hard/crtbegin.o

.rodata         0x0800e768      0x748
                0x0800e768                . = ALIGN (0x4)
 *(.rodata)
 .rodata        0x0800e768      0x249 src/control.o
 *fill*         0x0800e9b1        0x3 
 .rodata        0x0800e9b4       0xc3 src/pwm.o
 *(.rodata*)
 *fill*         0x0800ea77        0x1 
 .rodata._global_impure_ptr
                0x0800ea78        0x4 c:/ac6/systemworkbench/plugins/fr.ac6.mcu.externaltools.arm-none.win32_1.15.0.201708311556/tools/compiler/bin/../lib/gcc/arm-none-eabi/6.3.1/../../../../arm-none-eabi/lib/thumb/v7e-m/fpv4-sp/hard\libc.a(lib_a-impure.o)
                0x0800ea78                _global_impure_ptr
 .rodata._puts_r.str1.4
                0x0800ea7c        0x2 c:/ac6/systemworkbench/plugins/fr.ac6.mcu.externaltools.arm-none.win32_1.15.0.201708311556/tools/compiler/bin/../lib/gcc/arm-none-eabi/6.3.1/../../../../arm-none-eabi/lib/thumb/v7e-m/fpv4-sp/hard\libc.a(lib_a-puts.o)
 *fill*         0x0800ea7e        0x2 
 .rodata._strtod_l.str1.4
                0x0800ea80        0xf c:/ac6/systemworkbench/plugins/fr.ac6.mcu.externaltools.arm-none.win32_1.15.0.201708311556/tools/compiler/bin/../lib/gcc/arm-none-eabi/6.3.1/../../../../arm-none-eabi/lib/thumb/v7e-m/fpv4-sp/hard\libc.a(lib_a-strtod.o)
 *fill*         0x0800ea8f        0x1 
 .rodata.fpi.7264
                0x0800ea90       0x14 c:/ac6/systemworkbench/plugins/fr.ac6.mcu.externaltools.arm-none.win32_1.15.0.201708311556/tools/compiler/bin/../lib/gcc/arm-none-eabi/6.3.1/../../../../arm-none-eabi/lib/thumb/v7e-m/fpv4-sp/hard\libc.a(lib_a-strtod.o)
 .rodata.fpinan.7300
                0x0800eaa4       0x14 c:/ac6/systemworkbench/plugins/fr.ac6.mcu.externaltools.arm-none.win32_1.15.0.201708311556/tools/compiler/bin/../lib/gcc/arm-none-eabi/6.3.1/../../../../arm-none-eabi/lib/thumb/v7e-m/fpv4-sp/hard\libc.a(lib_a-strtod.o)
 .rodata.tinytens
                0x0800eab8       0x28 c:/ac6/systemworkbench/plugins/fr.ac6.mcu.externaltools.arm-none.win32_1.15.0.201708311556/tools/compiler/bin/../lib/gcc/arm-none-eabi/6.3.1/../../../../arm-none-eabi/lib/thumb/v7e-m/fpv4-sp/hard\libc.a(lib_a-strtod.o)
 .rodata.__ssvfscanf_r.str1.4
                0x0800eae0        0x5 c:/ac6/systemworkbench/plugins/fr.ac6.mcu.externaltools.arm-none.win32_1.15.0.201708311556/tools/compiler/bin/../lib/gcc/arm-none-eabi/6.3.1/../../../../arm-none-eabi/lib/thumb/v7e-m/fpv4-sp/hard\libc.a(lib_a-svfscanf.o)
 *fill*         0x0800eae5        0x3 
 .rodata.basefix.8417
                0x0800eae8       0x22 c:/ac6/systemworkbench/plugins/fr.ac6.mcu.externaltools.arm-none.win32_1.15.0.201708311556/tools/compiler/bin/../lib/gcc/arm-none-eabi/6.3.1/../../../../arm-none-eabi/lib/thumb/v7e-m/fpv4-sp/hard\libc.a(lib_a-svfscanf.o)
 *fill*         0x0800eb0a        0x2 
 .rodata._vfprintf_r.str1.4
                0x0800eb0c       0x42 c:/ac6/systemworkbench/plugins/fr.ac6.mcu.externaltools.arm-none.win32_1.15.0.201708311556/tools/compiler/bin/../lib/gcc/arm-none-eabi/6.3.1/../../../../arm-none-eabi/lib/thumb/v7e-m/fpv4-sp/hard\libc.a(lib_a-vfprintf.o)
 *fill*         0x0800eb4e        0x2 
 .rodata.blanks.8361
                0x0800eb50       0x10 c:/ac6/systemworkbench/plugins/fr.ac6.mcu.externaltools.arm-none.win32_1.15.0.201708311556/tools/compiler/bin/../lib/gcc/arm-none-eabi/6.3.1/../../../../arm-none-eabi/lib/thumb/v7e-m/fpv4-sp/hard\libc.a(lib_a-vfprintf.o)
 .rodata.zeroes.8362
                0x0800eb60       0x10 c:/ac6/systemworkbench/plugins/fr.ac6.mcu.externaltools.arm-none.win32_1.15.0.201708311556/tools/compiler/bin/../lib/gcc/arm-none-eabi/6.3.1/../../../../arm-none-eabi/lib/thumb/v7e-m/fpv4-sp/hard\libc.a(lib_a-vfprintf.o)
 .rodata._dtoa_r.str1.4
                0x0800eb70       0x10 c:/ac6/systemworkbench/plugins/fr.ac6.mcu.externaltools.arm-none.win32_1.15.0.201708311556/tools/compiler/bin/../lib/gcc/arm-none-eabi/6.3.1/../../../../arm-none-eabi/lib/thumb/v7e-m/fpv4-sp/hard\libc.a(lib_a-dtoa.o)
                                 0x12 (size before relaxing)
 .rodata.__hexdig
                0x0800eb80      0x100 c:/ac6/systemworkbench/plugins/fr.ac6.mcu.externaltools.arm-none.win32_1.15.0.201708311556/tools/compiler/bin/../lib/gcc/arm-none-eabi/6.3.1/../../../../arm-none-eabi/lib/thumb/v7e-m/fpv4-sp/hard\libc.a(lib_a-gdtoa-gethex.o)
                0x0800eb80                __hexdig
 .rodata._setlocale_r.str1.4
                0x0800ec80        0xa c:/ac6/systemworkbench/plugins/fr.ac6.mcu.externaltools.arm-none.win32_1.15.0.201708311556/tools/compiler/bin/../lib/gcc/arm-none-eabi/6.3.1/../../../../arm-none-eabi/lib/thumb/v7e-m/fpv4-sp/hard\libc.a(lib_a-locale.o)
                                  0xd (size before relaxing)
 *fill*         0x0800ec8a        0x2 
 .rodata.str1.4
                0x0800ec8c        0x4 c:/ac6/systemworkbench/plugins/fr.ac6.mcu.externaltools.arm-none.win32_1.15.0.201708311556/tools/compiler/bin/../lib/gcc/arm-none-eabi/6.3.1/../../../../arm-none-eabi/lib/thumb/v7e-m/fpv4-sp/hard\libc.a(lib_a-locale.o)
                                  0x2 (size before relaxing)
 .rodata._mbrtowc_r.str1.4
                0x0800ec90        0x1 c:/ac6/systemworkbench/plugins/fr.ac6.mcu.externaltools.arm-none.win32_1.15.0.201708311556/tools/compiler/bin/../lib/gcc/arm-none-eabi/6.3.1/../../../../arm-none-eabi/lib/thumb/v7e-m/fpv4-sp/hard\libc.a(lib_a-mbrtowc.o)
 .rodata.__mprec_bigtens
                0x0800ec90       0x28 c:/ac6/systemworkbench/plugins/fr.ac6.mcu.externaltools.arm-none.win32_1.15.0.201708311556/tools/compiler/bin/../lib/gcc/arm-none-eabi/6.3.1/../../../../arm-none-eabi/lib/thumb/v7e-m/fpv4-sp/hard\libc.a(lib_a-mprec.o)
                0x0800ec90                __mprec_bigtens
 .rodata.__mprec_tens
                0x0800ecb8       0xc8 c:/ac6/systemworkbench/plugins/fr.ac6.mcu.externaltools.arm-none.win32_1.15.0.201708311556/tools/compiler/bin/../lib/gcc/arm-none-eabi/6.3.1/../../../../arm-none-eabi/lib/thumb/v7e-m/fpv4-sp/hard\libc.a(lib_a-mprec.o)
                0x0800ecb8                __mprec_tens
 .rodata.p05.7178
                0x0800ed80        0xc c:/ac6/systemworkbench/plugins/fr.ac6.mcu.externaltools.arm-none.win32_1.15.0.201708311556/tools/compiler/bin/../lib/gcc/arm-none-eabi/6.3.1/../../../../arm-none-eabi/lib/thumb/v7e-m/fpv4-sp/hard\libc.a(lib_a-mprec.o)
 .rodata._svfprintf_r.str1.4
                0x0800ed8c       0x42 c:/ac6/systemworkbench/plugins/fr.ac6.mcu.externaltools.arm-none.win32_1.15.0.201708311556/tools/compiler/bin/../lib/gcc/arm-none-eabi/6.3.1/../../../../arm-none-eabi/lib/thumb/v7e-m/fpv4-sp/hard\libc.a(lib_a-svfprintf.o)
 .rodata.blanks.8346
                0x0800ed8c       0x10 c:/ac6/systemworkbench/plugins/fr.ac6.mcu.externaltools.arm-none.win32_1.15.0.201708311556/tools/compiler/bin/../lib/gcc/arm-none-eabi/6.3.1/../../../../arm-none-eabi/lib/thumb/v7e-m/fpv4-sp/hard\libc.a(lib_a-svfprintf.o)
 .rodata.zeroes.8347
                0x0800ed9c       0x10 c:/ac6/systemworkbench/plugins/fr.ac6.mcu.externaltools.arm-none.win32_1.15.0.201708311556/tools/compiler/bin/../lib/gcc/arm-none-eabi/6.3.1/../../../../arm-none-eabi/lib/thumb/v7e-m/fpv4-sp/hard\libc.a(lib_a-svfprintf.o)
 .rodata._ctype_
                0x0800edac      0x101 c:/ac6/systemworkbench/plugins/fr.ac6.mcu.externaltools.arm-none.win32_1.15.0.201708311556/tools/compiler/bin/../lib/gcc/arm-none-eabi/6.3.1/../../../../arm-none-eabi/lib/thumb/v7e-m/fpv4-sp/hard\libc.a(lib_a-ctype_.o)
                0x0800edac                _ctype_
                0x0800eeb0                . = ALIGN (0x4)
 *fill*         0x0800eead        0x3 

.ARM.extab      0x0800eeb0        0x0
                0x0800eeb0                . = ALIGN (0x4)
 *(.ARM.extab* .gnu.linkonce.armextab.*)
                0x0800eeb0                . = ALIGN (0x4)

.ARM            0x0800eeb0        0x8
                0x0800eeb0                . = ALIGN (0x4)
                0x0800eeb0                __exidx_start = .
 *(.ARM.exidx*)
 .ARM.exidx     0x0800eeb0        0x8 c:/ac6/systemworkbench/plugins/fr.ac6.mcu.externaltools.arm-none.win32_1.15.0.201708311556/tools/compiler/bin/../lib/gcc/arm-none-eabi/6.3.1/thumb/v7e-m/fpv4-sp/hard\libgcc.a(_udivmoddi4.o)
                0x0800eeb8                __exidx_end = .
                0x0800eeb8                . = ALIGN (0x4)

.rel.dyn        0x0800eeb8        0x0
 .rel.iplt      0x0800eeb8        0x0 c:/ac6/systemworkbench/plugins/fr.ac6.mcu.externaltools.arm-none.win32_1.15.0.201708311556/tools/compiler/bin/../lib/gcc/arm-none-eabi/6.3.1/thumb/v7e-m/fpv4-sp/hard/crtbegin.o

.preinit_array  0x0800eeb8        0x0
                0x0800eeb8                . = ALIGN (0x4)
                0x0800eeb8                PROVIDE (__preinit_array_start, .)
 *(.preinit_array*)
                0x0800eeb8                PROVIDE (__preinit_array_end, .)
                0x0800eeb8                . = ALIGN (0x4)

.init_array     0x0800eeb8        0x8
                0x0800eeb8                . = ALIGN (0x4)
                0x0800eeb8                PROVIDE (__init_array_start, .)
 *(SORT(.init_array.*))
 .init_array.00000
                0x0800eeb8        0x4 c:/ac6/systemworkbench/plugins/fr.ac6.mcu.externaltools.arm-none.win32_1.15.0.201708311556/tools/compiler/bin/../lib/gcc/arm-none-eabi/6.3.1/../../../../arm-none-eabi/lib/thumb/v7e-m/fpv4-sp/hard\libc.a(lib_a-__call_atexit.o)
 *(.init_array*)
 .init_array    0x0800eebc        0x4 c:/ac6/systemworkbench/plugins/fr.ac6.mcu.externaltools.arm-none.win32_1.15.0.201708311556/tools/compiler/bin/../lib/gcc/arm-none-eabi/6.3.1/thumb/v7e-m/fpv4-sp/hard/crtbegin.o
                0x0800eec0                PROVIDE (__init_array_end, .)
                0x0800eec0                . = ALIGN (0x4)

.fini_array     0x0800eec0        0x4
                0x0800eec0                . = ALIGN (0x4)
                0x0800eec0                PROVIDE (__fini_array_start, .)
 *(SORT(.fini_array.*))
 *(.fini_array*)
 .fini_array    0x0800eec0        0x4 c:/ac6/systemworkbench/plugins/fr.ac6.mcu.externaltools.arm-none.win32_1.15.0.201708311556/tools/compiler/bin/../lib/gcc/arm-none-eabi/6.3.1/thumb/v7e-m/fpv4-sp/hard/crtbegin.o
                0x0800eec4                PROVIDE (__fini_array_end, .)
                0x0800eec4                . = ALIGN (0x4)
                0x0800eec4                _sidata = LOADADDR (.data)

.data           0x20000000      0x9d0 load address 0x0800eec4
                0x20000000                . = ALIGN (0x4)
                0x20000000                _sdata = .
 *(.data)
 .data          0x20000000       0x10 StdPeriph_Driver/src/stm32f4xx_rcc.o
 .data          0x20000010        0xc src/control.o
                0x20000010                VDDA
                0x20000014                VDDA_Analog_IN
                0x20000018                Hall_offset_value
 .data          0x2000001c        0x8 src/pwm.o
 *(.data*)
 .data._impure_ptr
                0x20000024        0x4 c:/ac6/systemworkbench/plugins/fr.ac6.mcu.externaltools.arm-none.win32_1.15.0.201708311556/tools/compiler/bin/../lib/gcc/arm-none-eabi/6.3.1/../../../../arm-none-eabi/lib/thumb/v7e-m/fpv4-sp/hard\libc.a(lib_a-impure.o)
                0x20000024                _impure_ptr
 .data.impure_data
                0x20000028      0x428 c:/ac6/systemworkbench/plugins/fr.ac6.mcu.externaltools.arm-none.win32_1.15.0.201708311556/tools/compiler/bin/../lib/gcc/arm-none-eabi/6.3.1/../../../../arm-none-eabi/lib/thumb/v7e-m/fpv4-sp/hard\libc.a(lib_a-impure.o)
 .data.__atexit_recursive_mutex
                0x20000450        0x4 c:/ac6/systemworkbench/plugins/fr.ac6.mcu.externaltools.arm-none.win32_1.15.0.201708311556/tools/compiler/bin/../lib/gcc/arm-none-eabi/6.3.1/../../../../arm-none-eabi/lib/thumb/v7e-m/fpv4-sp/hard\libc.a(lib_a-__call_atexit.o)
                0x20000450                __atexit_recursive_mutex
 .data.__global_locale
                0x20000454      0x16c c:/ac6/systemworkbench/plugins/fr.ac6.mcu.externaltools.arm-none.win32_1.15.0.201708311556/tools/compiler/bin/../lib/gcc/arm-none-eabi/6.3.1/../../../../arm-none-eabi/lib/thumb/v7e-m/fpv4-sp/hard\libc.a(lib_a-locale.o)
                0x20000454                __global_locale
 .data.__malloc_av_
                0x200005c0      0x408 c:/ac6/systemworkbench/plugins/fr.ac6.mcu.externaltools.arm-none.win32_1.15.0.201708311556/tools/compiler/bin/../lib/gcc/arm-none-eabi/6.3.1/../../../../arm-none-eabi/lib/thumb/v7e-m/fpv4-sp/hard\libc.a(lib_a-mallocr.o)
                0x200005c0                __malloc_av_
 .data.__malloc_sbrk_base
                0x200009c8        0x4 c:/ac6/systemworkbench/plugins/fr.ac6.mcu.externaltools.arm-none.win32_1.15.0.201708311556/tools/compiler/bin/../lib/gcc/arm-none-eabi/6.3.1/../../../../arm-none-eabi/lib/thumb/v7e-m/fpv4-sp/hard\libc.a(lib_a-mallocr.o)
                0x200009c8                __malloc_sbrk_base
 .data.__malloc_trim_threshold
                0x200009cc        0x4 c:/ac6/systemworkbench/plugins/fr.ac6.mcu.externaltools.arm-none.win32_1.15.0.201708311556/tools/compiler/bin/../lib/gcc/arm-none-eabi/6.3.1/../../../../arm-none-eabi/lib/thumb/v7e-m/fpv4-sp/hard\libc.a(lib_a-mallocr.o)
                0x200009cc                __malloc_trim_threshold
                0x200009d0                . = ALIGN (0x4)
                0x200009d0                _edata = .

.jcr            0x200009d0        0x0 load address 0x0800f894
 .jcr           0x200009d0        0x0 c:/ac6/systemworkbench/plugins/fr.ac6.mcu.externaltools.arm-none.win32_1.15.0.201708311556/tools/compiler/bin/../lib/gcc/arm-none-eabi/6.3.1/thumb/v7e-m/fpv4-sp/hard/crtbegin.o

.igot.plt       0x200009d0        0x0 load address 0x0800f894
 .igot.plt      0x200009d0        0x0 c:/ac6/systemworkbench/plugins/fr.ac6.mcu.externaltools.arm-none.win32_1.15.0.201708311556/tools/compiler/bin/../lib/gcc/arm-none-eabi/6.3.1/thumb/v7e-m/fpv4-sp/hard/crtbegin.o
                0x200009d0                . = ALIGN (0x4)

.bss            0x200009d0    0x1d654 load address 0x0800f894
                0x200009d0                _sbss = .
                0x200009d0                __bss_start__ = _sbss
 *(.bss)
 .bss           0x200009d0       0x1c c:/ac6/systemworkbench/plugins/fr.ac6.mcu.externaltools.arm-none.win32_1.15.0.201708311556/tools/compiler/bin/../lib/gcc/arm-none-eabi/6.3.1/thumb/v7e-m/fpv4-sp/hard/crtbegin.o
 .bss           0x200009ec       0x56 src/config.o
                0x200009ec                ADCbuf1
                0x200009f4                ADCbuf2
                0x200009fc                DACbuf1
                0x20000a40                new_adc_value
                0x20000a41                new_adc_value2
 *fill*         0x20000a42        0x2 
 .bss           0x20000a44    0x1d4ec src/control.o
                0x20000a44                led_toggle
                0x20000a48                RxCounter
                0x20000a49                commandReceived
                0x20000a4c                VDDA_Analog_IN_factor
                0x20000a50                two_point_five_volts_VREF_measured
                0x20000a54                to_volt_var
                0x20000a58                to_volt_var_adc123
                0x20000a5c                vrefint_volts_summ
                0x20000a60                vrefint_volts_summ_global
                0x20000a64                value_cache3
                0x20000a68                ADCbuf1_cache
                0x20000a70                ADCbuf1_cache2
 .bss           0x2001df30       0x14 src/pwm.o
                0x2001df30                Frequnzy
                0x2001df34                y
                0x2001df38                x
                0x2001df3c                durationOgJumpFunction
                0x2001df40                pwm_mode_coil2
 .bss           0x2001df44        0x8 src/syscalls.o
                0x2001df44                __env
 *(.bss*)
 .bss.__malloc_current_mallinfo
                0x2001df4c       0x28 c:/ac6/systemworkbench/plugins/fr.ac6.mcu.externaltools.arm-none.win32_1.15.0.201708311556/tools/compiler/bin/../lib/gcc/arm-none-eabi/6.3.1/../../../../arm-none-eabi/lib/thumb/v7e-m/fpv4-sp/hard\libc.a(lib_a-mallocr.o)
                0x2001df4c                __malloc_current_mallinfo
 .bss.__malloc_max_sbrked_mem
                0x2001df74        0x4 c:/ac6/systemworkbench/plugins/fr.ac6.mcu.externaltools.arm-none.win32_1.15.0.201708311556/tools/compiler/bin/../lib/gcc/arm-none-eabi/6.3.1/../../../../arm-none-eabi/lib/thumb/v7e-m/fpv4-sp/hard\libc.a(lib_a-mallocr.o)
                0x2001df74                __malloc_max_sbrked_mem
 .bss.__malloc_max_total_mem
                0x2001df78        0x4 c:/ac6/systemworkbench/plugins/fr.ac6.mcu.externaltools.arm-none.win32_1.15.0.201708311556/tools/compiler/bin/../lib/gcc/arm-none-eabi/6.3.1/../../../../arm-none-eabi/lib/thumb/v7e-m/fpv4-sp/hard\libc.a(lib_a-mallocr.o)
                0x2001df78                __malloc_max_total_mem
 .bss.__malloc_top_pad
                0x2001df7c        0x4 c:/ac6/systemworkbench/plugins/fr.ac6.mcu.externaltools.arm-none.win32_1.15.0.201708311556/tools/compiler/bin/../lib/gcc/arm-none-eabi/6.3.1/../../../../arm-none-eabi/lib/thumb/v7e-m/fpv4-sp/hard\libc.a(lib_a-mallocr.o)
                0x2001df7c                __malloc_top_pad
 *(COMMON)
 COMMON         0x2001df80       0x7a src/control.o
                0x2001df80                PWM_Mode
                0x2001dfa0                RxBuffer
                0x2001dfdc                Duty_Float
 *fill*         0x2001dffa        0x2 
 COMMON         0x2001dffc       0x21 c:/ac6/systemworkbench/plugins/fr.ac6.mcu.externaltools.arm-none.win32_1.15.0.201708311556/tools/compiler/bin/../lib/gcc/arm-none-eabi/6.3.1/../../../../arm-none-eabi/lib/thumb/v7e-m/fpv4-sp/hard\libc.a(lib_a-lock.o)
                0x2001dffc                __lock___atexit_recursive_mutex
                0x2001e000                __lock___arc4random_mutex
                0x2001e004                __lock___env_recursive_mutex
                0x2001e008                __lock___sinit_recursive_mutex
                0x2001e00c                __lock___malloc_recursive_mutex
                0x2001e010                __lock___at_quick_exit_mutex
                0x2001e014                __lock___dd_hash_mutex
                0x2001e018                __lock___tz_mutex
                0x2001e01c                __lock___sfp_recursive_mutex
 *fill*         0x2001e01d        0x3 
 COMMON         0x2001e020        0x4 c:/ac6/systemworkbench/plugins/fr.ac6.mcu.externaltools.arm-none.win32_1.15.0.201708311556/tools/compiler/bin/../lib/gcc/arm-none-eabi/6.3.1/../../../../arm-none-eabi/lib/thumb/v7e-m/fpv4-sp/hard\libc.a(lib_a-reent.o)
                0x2001e020                errno
                0x2001e024                . = ALIGN (0x4)
                0x2001e024                _ebss = .
                0x2001e024                __bss_end__ = _ebss

._user_heap_stack
                0x2001e024      0x404 load address 0x0800f894
                0x2001e028                . = ALIGN (0x8)
 *fill*         0x2001e024        0x4 
                0x2001e028                PROVIDE (end, .)
                [!provide]                PROVIDE (_end, .)
                0x2001e028                . = (. + _Min_Heap_Size)
                0x2001e428                . = (. + _Min_Stack_Size)
 *fill*         0x2001e028      0x400 
                0x2001e428                . = ALIGN (0x8)

/DISCARD/
 libc.a(*)
 libm.a(*)
 libgcc.a(*)

.ARM.attributes
                0x00000000       0x30
 *(.ARM.attributes)
 .ARM.attributes
                0x00000000       0x22 c:/ac6/systemworkbench/plugins/fr.ac6.mcu.externaltools.arm-none.win32_1.15.0.201708311556/tools/compiler/bin/../lib/gcc/arm-none-eabi/6.3.1/thumb/v7e-m/fpv4-sp/hard/crti.o
 .ARM.attributes
                0x00000022       0x34 c:/ac6/systemworkbench/plugins/fr.ac6.mcu.externaltools.arm-none.win32_1.15.0.201708311556/tools/compiler/bin/../lib/gcc/arm-none-eabi/6.3.1/thumb/v7e-m/fpv4-sp/hard/crtbegin.o
 .ARM.attributes
                0x00000056       0x39 StdPeriph_Driver/src/misc.o
 .ARM.attributes
                0x0000008f       0x39 StdPeriph_Driver/src/stm32f4xx_adc.o
 .ARM.attributes
                0x000000c8       0x39 StdPeriph_Driver/src/stm32f4xx_dma.o
 .ARM.attributes
                0x00000101       0x39 StdPeriph_Driver/src/stm32f4xx_flash.o
 .ARM.attributes
                0x0000013a       0x39 StdPeriph_Driver/src/stm32f4xx_gpio.o
 .ARM.attributes
                0x00000173       0x39 StdPeriph_Driver/src/stm32f4xx_rcc.o
 .ARM.attributes
                0x000001ac       0x39 StdPeriph_Driver/src/stm32f4xx_tim.o
 .ARM.attributes
                0x000001e5       0x39 StdPeriph_Driver/src/stm32f4xx_usart.o
 .ARM.attributes
                0x0000021e       0x39 src/config.o
 .ARM.attributes
                0x00000257       0x39 src/control.o
 .ARM.attributes
                0x00000290       0x39 src/gpio.o
 .ARM.attributes
                0x000002c9       0x39 src/main.o
 .ARM.attributes
                0x00000302       0x39 src/pwm.o
 .ARM.attributes
                0x0000033b       0x39 src/syscalls.o
 .ARM.attributes
                0x00000374       0x39 src/system_stm32f4xx.o
 .ARM.attributes
                0x000003ad       0x21 startup/startup_stm32.o
 .ARM.attributes
                0x000003ce       0x22 c:/ac6/systemworkbench/plugins/fr.ac6.mcu.externaltools.arm-none.win32_1.15.0.201708311556/tools/compiler/bin/../lib/gcc/arm-none-eabi/6.3.1/thumb/v7e-m/fpv4-sp/hard\libgcc.a(_arm_addsubdf3.o)
 .ARM.attributes
                0x000003f0       0x22 c:/ac6/systemworkbench/plugins/fr.ac6.mcu.externaltools.arm-none.win32_1.15.0.201708311556/tools/compiler/bin/../lib/gcc/arm-none-eabi/6.3.1/thumb/v7e-m/fpv4-sp/hard\libgcc.a(_arm_muldivdf3.o)
 .ARM.attributes
                0x00000412       0x22 c:/ac6/systemworkbench/plugins/fr.ac6.mcu.externaltools.arm-none.win32_1.15.0.201708311556/tools/compiler/bin/../lib/gcc/arm-none-eabi/6.3.1/thumb/v7e-m/fpv4-sp/hard\libgcc.a(_arm_cmpdf2.o)
 .ARM.attributes
                0x00000434       0x22 c:/ac6/systemworkbench/plugins/fr.ac6.mcu.externaltools.arm-none.win32_1.15.0.201708311556/tools/compiler/bin/../lib/gcc/arm-none-eabi/6.3.1/thumb/v7e-m/fpv4-sp/hard\libgcc.a(_arm_fixunsdfsi.o)
 .ARM.attributes
                0x00000456       0x22 c:/ac6/systemworkbench/plugins/fr.ac6.mcu.externaltools.arm-none.win32_1.15.0.201708311556/tools/compiler/bin/../lib/gcc/arm-none-eabi/6.3.1/thumb/v7e-m/fpv4-sp/hard\libgcc.a(_arm_truncdfsf2.o)
 .ARM.attributes
                0x00000478       0x34 c:/ac6/systemworkbench/plugins/fr.ac6.mcu.externaltools.arm-none.win32_1.15.0.201708311556/tools/compiler/bin/../lib/gcc/arm-none-eabi/6.3.1/../../../../arm-none-eabi/lib/thumb/v7e-m/fpv4-sp/hard\libc.a(lib_a-errno.o)
 .ARM.attributes
                0x000004ac       0x34 c:/ac6/systemworkbench/plugins/fr.ac6.mcu.externaltools.arm-none.win32_1.15.0.201708311556/tools/compiler/bin/../lib/gcc/arm-none-eabi/6.3.1/../../../../arm-none-eabi/lib/thumb/v7e-m/fpv4-sp/hard\libc.a(lib_a-impure.o)
 .ARM.attributes
                0x000004e0       0x34 c:/ac6/systemworkbench/plugins/fr.ac6.mcu.externaltools.arm-none.win32_1.15.0.201708311556/tools/compiler/bin/../lib/gcc/arm-none-eabi/6.3.1/../../../../arm-none-eabi/lib/thumb/v7e-m/fpv4-sp/hard\libc.a(lib_a-init.o)
 .ARM.attributes
                0x00000514       0x34 c:/ac6/systemworkbench/plugins/fr.ac6.mcu.externaltools.arm-none.win32_1.15.0.201708311556/tools/compiler/bin/../lib/gcc/arm-none-eabi/6.3.1/../../../../arm-none-eabi/lib/thumb/v7e-m/fpv4-sp/hard\libc.a(lib_a-memset.o)
 .ARM.attributes
                0x00000548       0x34 c:/ac6/systemworkbench/plugins/fr.ac6.mcu.externaltools.arm-none.win32_1.15.0.201708311556/tools/compiler/bin/../lib/gcc/arm-none-eabi/6.3.1/../../../../arm-none-eabi/lib/thumb/v7e-m/fpv4-sp/hard\libc.a(lib_a-printf.o)
 .ARM.attributes
                0x0000057c       0x34 c:/ac6/systemworkbench/plugins/fr.ac6.mcu.externaltools.arm-none.win32_1.15.0.201708311556/tools/compiler/bin/../lib/gcc/arm-none-eabi/6.3.1/../../../../arm-none-eabi/lib/thumb/v7e-m/fpv4-sp/hard\libc.a(lib_a-puts.o)
 .ARM.attributes